Component: ARM Compiler 5.06 update 1 (build 61) Tool: armlink [4d35a8]

==============================================================================

Section Cross References

    main.o(i.Init_UART) refers to uart_lpc17xx.o(.constdata) for Driver_USART1
    main.o(i.main) refers to rt_cmsis.o(i.osKernelInitialize) for osKernelInitialize
    main.o(i.main) refers to main.o(i.Init_UART) for Init_UART
    main.o(i.main) refers to glcd_mcb1700.o(i.GLCD_Initialize) for GLCD_Initialize
    main.o(i.main) refers to glcd_mcb1700.o(i.GLCD_ClearScreen) for GLCD_ClearScreen
    main.o(i.main) refers to glcd_mcb1700.o(i.GLCD_SetFont) for GLCD_SetFont
    main.o(i.main) refers to rt_cmsis.o(i.osThreadCreate) for osThreadCreate
    main.o(i.main) refers to rt_cmsis.o(i.osKernelStart) for osKernelStart
    main.o(i.main) refers to rt_cmsis.o(i.osDelay) for osDelay
    main.o(i.main) refers to glcd_fonts.o(.constdata) for GLCD_Font_6x8
    main.o(i.main) refers to main.o(.constdata) for os_thread_def_tache1
    main.o(i.main) refers to main.o(.data) for ID_Tache1
    main.o(i.tache1) refers to glcd_mcb1700.o(i.GLCD_DrawString) for GLCD_DrawString
    main.o(i.tache1) refers to uart_lpc17xx.o(.constdata) for Driver_USART1
    main.o(.constdata) refers to main.o(i.tache1) for tache1
    glcd_mcb1700.o(i.GLCD_ClearScreen) refers to glcd_mcb1700.o(i.GLCD_WindowMax) for GLCD_WindowMax
    glcd_mcb1700.o(i.GLCD_ClearScreen) refers to glcd_mcb1700.o(i.wr_cmd) for wr_cmd
    glcd_mcb1700.o(i.GLCD_ClearScreen) refers to glcd_mcb1700.o(i.wr_dat_start) for wr_dat_start
    glcd_mcb1700.o(i.GLCD_ClearScreen) refers to glcd_mcb1700.o(i.wr_dat_only) for wr_dat_only
    glcd_mcb1700.o(i.GLCD_ClearScreen) refers to glcd_mcb1700.o(i.wr_dat_stop) for wr_dat_stop
    glcd_mcb1700.o(i.GLCD_ClearScreen) refers to glcd_mcb1700.o(.data) for background_color
    glcd_mcb1700.o(i.GLCD_DrawBargraph) refers to glcd_mcb1700.o(i.GLCD_SetWindow) for GLCD_SetWindow
    glcd_mcb1700.o(i.GLCD_DrawBargraph) refers to glcd_mcb1700.o(i.wr_cmd) for wr_cmd
    glcd_mcb1700.o(i.GLCD_DrawBargraph) refers to glcd_mcb1700.o(i.wr_dat_start) for wr_dat_start
    glcd_mcb1700.o(i.GLCD_DrawBargraph) refers to glcd_mcb1700.o(i.wr_dat_only) for wr_dat_only
    glcd_mcb1700.o(i.GLCD_DrawBargraph) refers to glcd_mcb1700.o(i.wr_dat_stop) for wr_dat_stop
    glcd_mcb1700.o(i.GLCD_DrawBargraph) refers to glcd_mcb1700.o(.data) for background_color
    glcd_mcb1700.o(i.GLCD_DrawBitmap) refers to glcd_mcb1700.o(i.GLCD_SetWindow) for GLCD_SetWindow
    glcd_mcb1700.o(i.GLCD_DrawBitmap) refers to glcd_mcb1700.o(i.wr_cmd) for wr_cmd
    glcd_mcb1700.o(i.GLCD_DrawBitmap) refers to glcd_mcb1700.o(i.wr_dat_start) for wr_dat_start
    glcd_mcb1700.o(i.GLCD_DrawBitmap) refers to glcd_mcb1700.o(i.wr_dat_only) for wr_dat_only
    glcd_mcb1700.o(i.GLCD_DrawBitmap) refers to glcd_mcb1700.o(i.wr_dat_stop) for wr_dat_stop
    glcd_mcb1700.o(i.GLCD_DrawChar) refers to glcd_mcb1700.o(i.GLCD_SetWindow) for GLCD_SetWindow
    glcd_mcb1700.o(i.GLCD_DrawChar) refers to glcd_mcb1700.o(i.wr_cmd) for wr_cmd
    glcd_mcb1700.o(i.GLCD_DrawChar) refers to glcd_mcb1700.o(i.wr_dat_start) for wr_dat_start
    glcd_mcb1700.o(i.GLCD_DrawChar) refers to glcd_mcb1700.o(i.wr_dat_only) for wr_dat_only
    glcd_mcb1700.o(i.GLCD_DrawChar) refers to glcd_mcb1700.o(i.wr_dat_stop) for wr_dat_stop
    glcd_mcb1700.o(i.GLCD_DrawChar) refers to glcd_mcb1700.o(.data) for active_font
    glcd_mcb1700.o(i.GLCD_DrawHLine) refers to glcd_mcb1700.o(i.GLCD_SetWindow) for GLCD_SetWindow
    glcd_mcb1700.o(i.GLCD_DrawHLine) refers to glcd_mcb1700.o(i.wr_cmd) for wr_cmd
    glcd_mcb1700.o(i.GLCD_DrawHLine) refers to glcd_mcb1700.o(i.wr_dat_start) for wr_dat_start
    glcd_mcb1700.o(i.GLCD_DrawHLine) refers to glcd_mcb1700.o(i.wr_dat_only) for wr_dat_only
    glcd_mcb1700.o(i.GLCD_DrawHLine) refers to glcd_mcb1700.o(i.wr_dat_stop) for wr_dat_stop
    glcd_mcb1700.o(i.GLCD_DrawHLine) refers to glcd_mcb1700.o(.data) for foreground_color
    glcd_mcb1700.o(i.GLCD_DrawPixel) refers to glcd_mcb1700.o(i.wr_reg) for wr_reg
    glcd_mcb1700.o(i.GLCD_DrawPixel) refers to glcd_mcb1700.o(i.wr_cmd) for wr_cmd
    glcd_mcb1700.o(i.GLCD_DrawPixel) refers to glcd_mcb1700.o(i.wr_dat) for wr_dat
    glcd_mcb1700.o(i.GLCD_DrawPixel) refers to glcd_mcb1700.o(.data) for Himax
    glcd_mcb1700.o(i.GLCD_DrawRectangle) refers to glcd_mcb1700.o(i.GLCD_DrawHLine) for GLCD_DrawHLine
    glcd_mcb1700.o(i.GLCD_DrawRectangle) refers to glcd_mcb1700.o(i.GLCD_DrawVLine) for GLCD_DrawVLine
    glcd_mcb1700.o(i.GLCD_DrawString) refers to glcd_mcb1700.o(i.GLCD_DrawChar) for GLCD_DrawChar
    glcd_mcb1700.o(i.GLCD_DrawString) refers to glcd_mcb1700.o(.data) for active_font
    glcd_mcb1700.o(i.GLCD_DrawVLine) refers to glcd_mcb1700.o(i.GLCD_SetWindow) for GLCD_SetWindow
    glcd_mcb1700.o(i.GLCD_DrawVLine) refers to glcd_mcb1700.o(i.wr_cmd) for wr_cmd
    glcd_mcb1700.o(i.GLCD_DrawVLine) refers to glcd_mcb1700.o(i.wr_dat_start) for wr_dat_start
[...]
    USART0_GetTxCount                        0x00002439   Thumb Code    10  uart_lpc17xx.o(i.USART0_GetTxCount)
    i.USART0_Initialize                      0x00002448   Section        0  uart_lpc17xx.o(i.USART0_Initialize)
    USART0_Initialize                        0x00002449   Thumb Code    14  uart_lpc17xx.o(i.USART0_Initialize)
    i.USART0_PowerControl                    0x0000245c   Section        0  uart_lpc17xx.o(i.USART0_PowerControl)
    USART0_PowerControl                      0x0000245d   Thumb Code    14  uart_lpc17xx.o(i.USART0_PowerControl)
    i.USART0_Receive                         0x00002470   Section        0  uart_lpc17xx.o(i.USART0_Receive)
    USART0_Receive                           0x00002471   Thumb Code    18  uart_lpc17xx.o(i.USART0_Receive)
    i.USART0_Send                            0x00002488   Section        0  uart_lpc17xx.o(i.USART0_Send)
    USART0_Send                              0x00002489   Thumb Code    18  uart_lpc17xx.o(i.USART0_Send)
    i.USART0_SetModemControl                 0x000024a0   Section        0  uart_lpc17xx.o(i.USART0_SetModemControl)
    USART0_SetModemControl                   0x000024a1   Thumb Code    14  uart_lpc17xx.o(i.USART0_SetModemControl)
    i.USART0_Transfer                        0x000024b4   Section        0  uart_lpc17xx.o(i.USART0_Transfer)
    USART0_Transfer                          0x000024b5   Thumb Code    22  uart_lpc17xx.o(i.USART0_Transfer)
    i.USART0_Uninitialize                    0x000024d0   Section        0  uart_lpc17xx.o(i.USART0_Uninitialize)
    USART0_Uninitialize                      0x000024d1   Thumb Code    10  uart_lpc17xx.o(i.USART0_Uninitialize)
    i.USART1_Control                         0x000024e0   Section        0  uart_lpc17xx.o(i.USART1_Control)
    USART1_Control                           0x000024e1   Thumb Code    18  uart_lpc17xx.o(i.USART1_Control)
    i.USART1_GPDMA_Rx_Event                  0x000024f8   Section        0  uart_lpc17xx.o(i.USART1_GPDMA_Rx_Event)
    i.USART1_GPDMA_Tx_Event                  0x0000250c   Section        0  uart_lpc17xx.o(i.USART1_GPDMA_Tx_Event)
    i.USART1_GetCapabilities                 0x00002520   Section        0  uart_lpc17xx.o(i.USART1_GetCapabilities)
    USART1_GetCapabilities                   0x00002521   Thumb Code    12  uart_lpc17xx.o(i.USART1_GetCapabilities)
    i.USART1_GetModemStatus                  0x00002530   Section        0  uart_lpc17xx.o(i.USART1_GetModemStatus)
    USART1_GetModemStatus                    0x00002531   Thumb Code    12  uart_lpc17xx.o(i.USART1_GetModemStatus)
    i.USART1_GetRxCount                      0x00002540   Section        0  uart_lpc17xx.o(i.USART1_GetRxCount)
    USART1_GetRxCount                        0x00002541   Thumb Code    10  uart_lpc17xx.o(i.USART1_GetRxCount)
    i.USART1_GetStatus                       0x00002550   Section        0  uart_lpc17xx.o(i.USART1_GetStatus)
    USART1_GetStatus                         0x00002551   Thumb Code    12  uart_lpc17xx.o(i.USART1_GetStatus)
    i.USART1_GetTxCount                      0x00002560   Section        0  uart_lpc17xx.o(i.USART1_GetTxCount)
    USART1_GetTxCount                        0x00002561   Thumb Code    10  uart_lpc17xx.o(i.USART1_GetTxCount)
    i.USART1_Initialize                      0x00002570   Section        0  uart_lpc17xx.o(i.USART1_Initialize)
    USART1_Initialize                        0x00002571   Thumb Code    14  uart_lpc17xx.o(i.USART1_Initialize)
    i.USART1_PowerControl                    0x00002584   Section        0  uart_lpc17xx.o(i.USART1_PowerControl)
    USART1_PowerControl                      0x00002585   Thumb Code    14  uart_lpc17xx.o(i.USART1_PowerControl)
    i.USART1_Receive                         0x00002598   Section        0  uart_lpc17xx.o(i.USART1_Receive)
    USART1_Receive                           0x00002599   Thumb Code    18  uart_lpc17xx.o(i.USART1_Receive)
    i.USART1_Send                            0x000025b0   Section        0  uart_lpc17xx.o(i.USART1_Send)
    USART1_Send                              0x000025b1   Thumb Code    18  uart_lpc17xx.o(i.USART1_Send)
    i.USART1_SetModemControl                 0x000025c8   Section        0  uart_lpc17xx.o(i.USART1_SetModemControl)
    USART1_SetModemControl                   0x000025c9   Thumb Code    14  uart_lpc17xx.o(i.USART1_SetModemControl)
    i.USART1_Transfer                        0x000025dc   Section        0  uart_lpc17xx.o(i.USART1_Transfer)
    USART1_Transfer                          0x000025dd   Thumb Code    22  uart_lpc17xx.o(i.USART1_Transfer)
    i.USART1_Uninitialize                    0x000025f8   Section        0  uart_lpc17xx.o(i.USART1_Uninitialize)
    USART1_Uninitialize                      0x000025f9   Thumb Code    10  uart_lpc17xx.o(i.USART1_Uninitialize)
    i.USART_Control                          0x00002608   Section        0  uart_lpc17xx.o(i.USART_Control)
    USART_Control                            0x00002609   Thumb Code  1642  uart_lpc17xx.o(i.USART_Control)
    i.USART_GPDMA_Rx_Event                   0x00002c78   Section        0  uart_lpc17xx.o(i.USART_GPDMA_Rx_Event)
    USART_GPDMA_Rx_Event                     0x00002c79   Thumb Code   134  uart_lpc17xx.o(i.USART_GPDMA_Rx_Event)
    i.USART_GPDMA_Tx_Event                   0x00002cfe   Section        0  uart_lpc17xx.o(i.USART_GPDMA_Tx_Event)
    USART_GPDMA_Tx_Event                     0x00002cff   Thumb Code    74  uart_lpc17xx.o(i.USART_GPDMA_Tx_Event)
    i.USART_GetCapabilities                  0x00002d48   Section        0  uart_lpc17xx.o(i.USART_GetCapabilities)
    USART_GetCapabilities                    0x00002d49   Thumb Code     6  uart_lpc17xx.o(i.USART_GetCapabilities)
    i.USART_GetModemStatus                   0x00002d4e   Section        0  uart_lpc17xx.o(i.USART_GetModemStatus)
    USART_GetModemStatus                     0x00002d4f   Thumb Code   236  uart_lpc17xx.o(i.USART_GetModemStatus)
    i.USART_GetRxCount                       0x00002e3a   Section        0  uart_lpc17xx.o(i.USART_GetRxCount)
    USART_GetRxCount                         0x00002e3b   Thumb Code    28  uart_lpc17xx.o(i.USART_GetRxCount)
    i.USART_GetStatus                        0x00002e56   Section        0  uart_lpc17xx.o(i.USART_GetStatus)
    USART_GetStatus                          0x00002e57   Thumb Code   188  uart_lpc17xx.o(i.USART_GetStatus)
    i.USART_GetTxCount                       0x00002f12   Section        0  uart_lpc17xx.o(i.USART_GetTxCount)
    USART_GetTxCount                         0x00002f13   Thumb Code    28  uart_lpc17xx.o(i.USART_GetTxCount)
    i.USART_IRQHandler                       0x00002f2e   Section        0  uart_lpc17xx.o(i.USART_IRQHandler)
    USART_IRQHandler                         0x00002f2f   Thumb Code   620  uart_lpc17xx.o(i.USART_IRQHandler)
    i.USART_Initialize                       0x0000319a   Section        0  uart_lpc17xx.o(i.USART_Initialize)
    USART_Initialize                         0x0000319b   Thumb Code   254  uart_lpc17xx.o(i.USART_Initialize)
    i.USART_PowerControl                     0x00003298   Section        0  uart_lpc17xx.o(i.USART_PowerControl)
    USART_PowerControl                       0x00003299   Thumb Code   592  uart_lpc17xx.o(i.USART_PowerControl)
    i.USART_Receive                          0x000034ec   Section        0  uart_lpc17xx.o(i.USART_Receive)
    USART_Receive                            0x000034ed   Thumb Code   272  uart_lpc17xx.o(i.USART_Receive)
    i.USART_RxLineIntHandler                 0x000035fc   Section        0  uart_lpc17xx.o(i.USART_RxLineIntHandler)
    USART_RxLineIntHandler                   0x000035fd   Thumb Code   104  uart_lpc17xx.o(i.USART_RxLineIntHandler)
    i.USART_Send                             0x00003664   Section        0  uart_lpc17xx.o(i.USART_Send)
    USART_Send                               0x00003665   Thumb Code   412  uart_lpc17xx.o(i.USART_Send)
    i.USART_SetBaudrate                      0x00003800   Section        0  uart_lpc17xx.o(i.USART_SetBaudrate)
    i.USART_SetModemControl                  0x00003934   Section        0  uart_lpc17xx.o(i.USART_SetModemControl)
    USART_SetModemControl                    0x00003935   Thumb Code   160  uart_lpc17xx.o(i.USART_SetModemControl)
    i.USART_Transfer                         0x000039d4   Section        0  uart_lpc17xx.o(i.USART_Transfer)
    USART_Transfer                           0x000039d5   Thumb Code   122  uart_lpc17xx.o(i.USART_Transfer)
    i.USART_Uninitialize                     0x00003a4e   Section        0  uart_lpc17xx.o(i.USART_Uninitialize)
    USART_Uninitialize                       0x00003a4f   Thumb Code   226  uart_lpc17xx.o(i.USART_Uninitialize)
    i.USARTx_GetVersion                      0x00003b30   Section        0  uart_lpc17xx.o(i.USARTx_GetVersion)
    USARTx_GetVersion                        0x00003b31   Thumb Code    10  uart_lpc17xx.o(i.USARTx_GetVersion)
    i.__NVIC_ClearPendingIRQ                 0x00003b40   Section        0  ssp_lpc17xx.o(i.__NVIC_ClearPendingIRQ)
    __NVIC_ClearPendingIRQ                   0x00003b41   Thumb Code    22  ssp_lpc17xx.o(i.__NVIC_ClearPendingIRQ)
    i.__NVIC_ClearPendingIRQ                 0x00003b5c   Section        0  uart_lpc17xx.o(i.__NVIC_ClearPendingIRQ)
    __NVIC_ClearPendingIRQ                   0x00003b5d   Thumb Code    22  uart_lpc17xx.o(i.__NVIC_ClearPendingIRQ)
    i.__NVIC_ClearPendingIRQ                 0x00003b78   Section        0  gpdma_lpc17xx.o(i.__NVIC_ClearPendingIRQ)
    __NVIC_ClearPendingIRQ                   0x00003b79   Thumb Code    22  gpdma_lpc17xx.o(i.__NVIC_ClearPendingIRQ)
    i._init_box                              0x00003b94   Section        0  rt_membox.o(i._init_box)
    i._mutex_acquire                         0x00003bdc   Section        0  rtx_conf_cm.o(i._mutex_acquire)
    __tagsym$$used                           0x00003bdd   Number         0  rtx_conf_cm.o(i._mutex_acquire)
    i._mutex_release                         0x00003bfc   Section        0  rtx_conf_cm.o(i._mutex_release)
    __tagsym$$used                           0x00003bfd   Number         0  rtx_conf_cm.o(i._mutex_release)
    i.dbg_init                               0x00003c18   Section        0  hal_cm.o(i.dbg_init)
    i.dbg_task_notify                        0x00003c48   Section        0  hal_cm.o(i.dbg_task_notify)
    i.dbg_task_switch                        0x00003c68   Section        0  hal_cm.o(i.dbg_task_switch)
    i.delay_ms                               0x00003c78   Section        0  glcd_mcb1700.o(i.delay_ms)
    delay_ms                                 0x00003c79   Thumb Code    38  glcd_mcb1700.o(i.delay_ms)
    i.isrMessageGet                          0x00003ca4   Section        0  rt_cmsis.o(i.isrMessageGet)
    i.isrMessagePut                          0x00003cce   Section        0  rt_cmsis.o(i.isrMessagePut)
    i.isr_mbx_receive                        0x00003cfc   Section        0  rt_mailbox.o(i.isr_mbx_receive)
    i.isr_mbx_send                           0x00003d52   Section        0  rt_mailbox.o(i.isr_mbx_send)
    i.main                                   0x00003d60   Section        0  main.o(i.main)
    i.osDelay                                0x00003da0   Section        0  rt_cmsis.o(i.osDelay)
    i.osKernelInitialize                     0x00003db8   Section        0  rt_cmsis.o(i.osKernelInitialize)
    i.osKernelStart                          0x00003ddc   Section        0  rt_cmsis.o(i.osKernelStart)
    i.osMessageGet                           0x00003e48   Section        0  rt_cmsis.o(i.osMessageGet)
    i.osThreadCreate                         0x00003e60   Section        0  rt_cmsis.o(i.osThreadCreate)
    i.osThreadExit                           0x00003e8c   Section        0  rt_cmsis.o(i.osThreadExit)
    i.osTimerCall                            0x00003ea4   Section        0  rt_cmsis.o(i.osTimerCall)
    i.osTimerThread                          0x00003eb0   Section        0  rt_cmsis.o(i.osTimerThread)
    i.os_error                               0x00003edc   Section        0  rtx_conf_cm.o(i.os_error)
    i.os_idle_demon                          0x00003efe   Section        0  rtx_conf_cm.o(i.os_idle_demon)
    i.os_tick_init                           0x00003f04   Section        0  rt_system.o(i.os_tick_init)
    i.rd_dat                                 0x00003f2c   Section        0  glcd_mcb1700.o(i.rd_dat)
    rd_dat                                   0x00003f2d   Thumb Code    64  glcd_mcb1700.o(i.rd_dat)
    i.rd_id_man                              0x00003f70   Section        0  glcd_mcb1700.o(i.rd_id_man)
    rd_id_man                                0x00003f71   Thumb Code   196  glcd_mcb1700.o(i.rd_id_man)
    i.rd_reg                                 0x00004038   Section        0  glcd_mcb1700.o(i.rd_reg)
    rd_reg                                   0x00004039   Thumb Code    16  glcd_mcb1700.o(i.rd_reg)
    i.rt_alloc_box                           0x00004048   Section        0  rt_membox.o(i.rt_alloc_box)
    i.rt_alloc_mem                           0x00004062   Section        0  rt_memory.o(i.rt_alloc_mem)
    i.rt_block                               0x000040a0   Section        0  rt_task.o(i.rt_block)
    i.rt_chk_robin                           0x000040d8   Section        0  rt_robin.o(i.rt_chk_robin)
    i.rt_dec_dly                             0x00004120   Section        0  rt_list.o(i.rt_dec_dly)
    i.rt_dispatch                            0x00004190   Section        0  rt_task.o(i.rt_dispatch)
    i.rt_dly_wait                            0x000041d4   Section        0  rt_time.o(i.rt_dly_wait)
    i.rt_evt_psh                             0x000041dc   Section        0  rt_event.o(i.rt_evt_psh)
    i.rt_free_box                            0x0000422c   Section        0  rt_membox.o(i.rt_free_box)
    i.rt_free_mem                            0x00004258   Section        0  rt_memory.o(i.rt_free_mem)
    i.rt_get_first                           0x00004280   Section        0  rt_list.o(i.rt_get_first)
    i.rt_id2obj                              0x000042a8   Section        0  rt_cmsis.o(i.rt_id2obj)
    rt_id2obj                                0x000042a9   Thumb Code     8  rt_cmsis.o(i.rt_id2obj)
    i.rt_init_context                        0x000042b0   Section        0  rt_task.o(i.rt_init_context)
    rt_init_context                          0x000042b1   Thumb Code    66  rt_task.o(i.rt_init_context)
    i.rt_init_mem                            0x000042f8   Section        0  rt_memory.o(i.rt_init_mem)
    i.rt_init_robin                          0x00004314   Section        0  rt_robin.o(i.rt_init_robin)
    i.rt_init_stack                          0x0000432c   Section        0  hal_cm.o(i.rt_init_stack)
    i.rt_mbx_check                           0x000043ac   Section        0  rt_mailbox.o(i.rt_mbx_check)
    i.rt_mbx_init                            0x000043b4   Section        0  rt_mailbox.o(i.rt_mbx_init)
    i.rt_mbx_psh                             0x000043d0   Section        0  rt_mailbox.o(i.rt_mbx_psh)
    i.rt_mbx_wait                            0x000044c0   Section        0  rt_mailbox.o(i.rt_mbx_wait)
    i.rt_ms2tick                             0x00004574   Section        0  rt_cmsis.o(i.rt_ms2tick)
    rt_ms2tick                               0x00004575   Thumb Code    58  rt_cmsis.o(i.rt_ms2tick)
    i.rt_mut_release                         0x000045b8   Section        0  rt_mutex.o(i.rt_mut_release)
    i.rt_mut_wait                            0x00004690   Section        0  rt_mutex.o(i.rt_mut_wait)
    i.rt_pop_req                             0x00004708   Section        0  rt_system.o(i.rt_pop_req)
    i.rt_psh_req                             0x00004784   Section        0  rt_system.o(i.rt_psh_req)
    i.rt_psq_enq                             0x000047a4   Section        0  rt_list.o(i.rt_psq_enq)
    i.rt_put_dly                             0x00004800   Section        0  rt_list.o(i.rt_put_dly)
    i.rt_put_prio                            0x00004848   Section        0  rt_list.o(i.rt_put_prio)
    i.rt_put_rdy_first                       0x00004880   Section        0  rt_list.o(i.rt_put_rdy_first)
    i.rt_resort_prio                         0x00004894   Section        0  rt_list.o(i.rt_resort_prio)
    i.rt_ret_val                             0x000048c8   Section        0  hal_cm.o(i.rt_ret_val)
    i.rt_ret_val2                            0x000048ce   Section        0  hal_cm.o(i.rt_ret_val2)
    i.rt_rmv_dly                             0x000048d6   Section        0  rt_list.o(i.rt_rmv_dly)
    i.rt_rmv_list                            0x00004900   Section        0  rt_list.o(i.rt_rmv_list)
    i.rt_sem_psh                             0x00004930   Section        0  rt_semaphore.o(i.rt_sem_psh)
    i.rt_stk_check                           0x00004964   Section        0  rt_system.o(i.rt_stk_check)
    i.rt_switch_req                          0x00004988   Section        0  rt_task.o(i.rt_switch_req)
    i.rt_sys_init                            0x000049b0   Section        0  rt_task.o(i.rt_sys_init)
    i.rt_sys_start                           0x00004a7c   Section        0  rt_task.o(i.rt_sys_start)
    i.rt_systick                             0x00004af4   Section        0  rt_system.o(i.rt_systick)
    i.rt_tid2ptcb                            0x00004b34   Section        0  rt_cmsis.o(i.rt_tid2ptcb)
    rt_tid2ptcb                              0x00004b35   Thumb Code    18  rt_cmsis.o(i.rt_tid2ptcb)
    i.rt_timer_insert                        0x00004b48   Section        0  rt_cmsis.o(i.rt_timer_insert)
    rt_timer_insert                          0x00004b49   Thumb Code    48  rt_cmsis.o(i.rt_timer_insert)
    i.rt_tsk_create                          0x00004b7c   Section        0  rt_task.o(i.rt_tsk_create)
    i.rt_tsk_delete                          0x00004c04   Section        0  rt_task.o(i.rt_tsk_delete)
    i.rt_tsk_prio                            0x00004d80   Section        0  rt_task.o(i.rt_tsk_prio)
    i.rt_tsk_self                            0x00004dfc   Section        0  rt_task.o(i.rt_tsk_self)
    i.spi_tran                               0x00004e0c   Section        0  glcd_mcb1700.o(i.spi_tran)
    spi_tran                                 0x00004e0d   Thumb Code    40  glcd_mcb1700.o(i.spi_tran)
    i.spi_tran_man                           0x00004e38   Section        0  glcd_mcb1700.o(i.spi_tran_man)
    spi_tran_man                             0x00004e39   Thumb Code   132  glcd_mcb1700.o(i.spi_tran_man)
    i.svcDelay                               0x00004ec0   Section        0  rt_cmsis.o(i.svcDelay)
    i.svcKernelInitialize                    0x00004ed4   Section        0  rt_cmsis.o(i.svcKernelInitialize)
    i.svcKernelStart                         0x00004f44   Section        0  rt_cmsis.o(i.svcKernelStart)
    i.svcMessageCreate                       0x00004f8c   Section        0  rt_cmsis.o(i.svcMessageCreate)
    i.svcMessageGet                          0x00004fb0   Section        0  rt_cmsis.o(i.svcMessageGet)
    i.svcThreadCreate                        0x00004fec   Section        0  rt_cmsis.o(i.svcThreadCreate)
    i.svcThreadGetId                         0x00005058   Section        0  rt_cmsis.o(i.svcThreadGetId)
    i.svcThreadTerminate                     0x00005074   Section        0  rt_cmsis.o(i.svcThreadTerminate)
    i.svcTimerCall                           0x000050ac   Section        0  rt_cmsis.o(i.svcTimerCall)
    i.sysTimerTick                           0x000050c4   Section        0  rt_cmsis.o(i.sysTimerTick)
    i.tache1                                 0x00005120   Section        0  main.o(i.tache1)
    i.wr_cmd                                 0x00005198   Section        0  glcd_mcb1700.o(i.wr_cmd)
    wr_cmd                                   0x00005199   Thumb Code    70  glcd_mcb1700.o(i.wr_cmd)
    i.wr_dat_only                            0x000051e4   Section        0  glcd_mcb1700.o(i.wr_dat_only)
    wr_dat_only                              0x000051e5   Thumb Code    46  glcd_mcb1700.o(i.wr_dat_only)
    i.wr_dat_start                           0x00005218   Section        0  glcd_mcb1700.o(i.wr_dat_start)
    wr_dat_start                             0x00005219   Thumb Code    20  glcd_mcb1700.o(i.wr_dat_start)
    i.wr_dat_stop                            0x00005230   Section        0  glcd_mcb1700.o(i.wr_dat_stop)
    wr_dat_stop                              0x00005231   Thumb Code    14  glcd_mcb1700.o(i.wr_dat_stop)
    i.wr_reg                                 0x00005244   Section        0  glcd_mcb1700.o(i.wr_reg)
    wr_reg                                   0x00005245   Thumb Code   140  glcd_mcb1700.o(i.wr_reg)
    .constdata                               0x000052d4   Section       16  main.o(.constdata)
    .constdata                               0x000052e4   Section     6304  glcd_fonts.o(.constdata)
    Font_6x8_h                               0x000052e4   Data         896  glcd_fonts.o(.constdata)
    Font_16x24_h                             0x00005664   Data        5376  glcd_fonts.o(.constdata)
    .constdata                               0x00006b84   Section      104  rtx_conf_cm.o(.constdata)
    __tagsym$$used                           0x00006ba0   Number         0  rtx_conf_cm.o(.constdata)
    __tagsym$$used                           0x00006ba4   Number         0  rtx_conf_cm.o(.constdata)
    __tagsym$$used                           0x00006ba8   Number         0  rtx_conf_cm.o(.constdata)
    __tagsym$$used                           0x00006bac   Number         0  rtx_conf_cm.o(.constdata)
    .constdata                               0x00006bec   Section      124  ssp_lpc17xx.o(.constdata)
    DriverVersion                            0x00006bec   Data           4  ssp_lpc17xx.o(.constdata)
    DriverCapabilities                       0x00006bf0   Data           4  ssp_lpc17xx.o(.constdata)
    SSP1_Resources                           0x00006bf4   Data          72  ssp_lpc17xx.o(.constdata)
    .constdata                               0x00006c68   Section      636  uart_lpc17xx.o(.constdata)
    usart_driver_version                     0x00006c68   Data           4  uart_lpc17xx.o(.constdata)
    fract_div_lookup_table                   0x00006c6c   Data         288  uart_lpc17xx.o(.constdata)
    UART0_DMA_Tx                             0x00006d8c   Data           8  uart_lpc17xx.o(.constdata)
    UART0_DMA_Rx                             0x00006d94   Data           8  uart_lpc17xx.o(.constdata)
    USART0_Resources                         0x00006d9c   Data         100  uart_lpc17xx.o(.constdata)
    USART1_DMA_Tx                            0x00006e00   Data           8  uart_lpc17xx.o(.constdata)
    USART1_DMA_Rx                            0x00006e08   Data           8  uart_lpc17xx.o(.constdata)
    USART1_Resources                         0x00006e10   Data         100  uart_lpc17xx.o(.constdata)
    .data                                    0x10000000   Section        4  main.o(.data)
    .data                                    0x10000004   Section       17  glcd_mcb1700.o(.data)
    spi1_pins                                0x10000004   Data           8  glcd_mcb1700.o(.data)
    foreground_color                         0x1000000c   Data           2  glcd_mcb1700.o(.data)
    background_color                         0x1000000e   Data           2  glcd_mcb1700.o(.data)
    active_font                              0x10000010   Data           4  glcd_mcb1700.o(.data)
    Himax                                    0x10000014   Data           1  glcd_mcb1700.o(.data)
    .data                                    0x10000018   Section       20  rtx_conf_cm.o(.data)
    nr_mutex                                 0x10000028   Data           4  rtx_conf_cm.o(.data)
    .data                                    0x1000002c   Section       16  ssp_lpc17xx.o(.data)
    SSP1_pin_sck                             0x1000002c   Data           2  ssp_lpc17xx.o(.data)
    SSP1_pin_miso                            0x1000002e   Data           2  ssp_lpc17xx.o(.data)
    SSP1_pin_mosi                            0x10000030   Data           2  ssp_lpc17xx.o(.data)
    SSP1_pin_ssel                            0x10000032   Data           2  ssp_lpc17xx.o(.data)
    dummy_data                               0x10000034   Data           4  ssp_lpc17xx.o(.data)
    dummy_data                               0x10000038   Data           4  ssp_lpc17xx.o(.data)
    .data                                    0x1000003c   Section        8  uart_lpc17xx.o(.data)
    USART0_pin_tx                            0x1000003c   Data           2  uart_lpc17xx.o(.data)
    USART0_pin_rx                            0x1000003e   Data           2  uart_lpc17xx.o(.data)
    USART1_pin_tx                            0x10000040   Data           2  uart_lpc17xx.o(.data)
    USART1_pin_rx                            0x10000042   Data           2  uart_lpc17xx.o(.data)
    .data                                    0x10000044   Section        4  system_lpc17xx.o(.data)
    .data                                    0x10000048   Section        8  gpdma_lpc17xx.o(.data)
    Channel_active                           0x10000048   Data           4  gpdma_lpc17xx.o(.data)
    Init_cnt                                 0x1000004c   Data           4  gpdma_lpc17xx.o(.data)
    .data                                    0x10000050   Section        8  rt_cmsis.o(.data)
    .data                                    0x10000058   Section        8  rt_task.o(.data)
    .data                                    0x10000060   Section        8  rt_system.o(.data)
    os_lock                                  0x10000060   Data           1  rt_system.o(.data)
    os_psh_flag                              0x10000061   Data           1  rt_system.o(.data)
    pend_flags                               0x10000062   Data           1  rt_system.o(.data)
    .data                                    0x10000068   Section        4  rt_time.o(.data)
    .data                                    0x1000006c   Section        8  rt_robin.o(.data)
    .data                                    0x10000074   Section        1  hal_cm.o(.data)
    .bss                                     0x10000078   Section     3016  rtx_conf_cm.o(.bss)
    std_libspace                             0x10000920   Data         672  rtx_conf_cm.o(.bss)
    std_libmutex                             0x10000bc0   Data         128  rtx_conf_cm.o(.bss)
    .bss                                     0x10000c40   Section       40  ssp_lpc17xx.o(.bss)
    SSP1_Info                                0x10000c40   Data          12  ssp_lpc17xx.o(.bss)
    SSP1_Xfer                                0x10000c4c   Data          28  ssp_lpc17xx.o(.bss)
    .bss                                     0x10000c68   Section      104  uart_lpc17xx.o(.bss)
    USART0_Info                              0x10000c68   Data          52  uart_lpc17xx.o(.bss)
    USART1_Info                              0x10000c9c   Data          52  uart_lpc17xx.o(.bss)
    .bss                                     0x10000cd0   Section      160  gpdma_lpc17xx.o(.bss)
    Channel_info                             0x10000cd0   Data         160  gpdma_lpc17xx.o(.bss)
    .bss                                     0x10000d70   Section       52  rt_task.o(.bss)
    .bss                                     0x10000da4   Section       48  rt_list.o(.bss)
    .bss                                     0x10000dd4   Section       96  libspace.o(.bss)
    HEAP                                     0x10000e38   Section        0  startup_lpc17xx.o(HEAP)
    STACK                                    0x10000e38   Section      512  startup_lpc17xx.o(STACK)
    Heap_Mem                                 0x10000e38   Data           0  startup_lpc17xx.o(HEAP)
    Stack_Mem                                0x10000e38   Data         512  startup_lpc17xx.o(STACK)
    __initial_sp                             0x10001038   Data           0  startup_lpc17xx.o(STACK)

    Global Symbols

    Symbol Name                              Value     Ov Type        Size  Object(Section)

    BuildAttributes$$THM_ISAv4$P$D$K$B$S$PE$A:L22UL41UL21$X:L11$S22US41US21$IEEE1$IW$USESV6$~STKCKD$USESV7$~SHL$OSPACE$ROPI$EBA8$UX$STANDARDLIB$REQ8$PRES8$EABIv2 0x00000000   Number         0  anon$$obj.o ABSOLUTE
    __ARM_use_no_argv                        0x00000000   Number         0  main.o ABSOLUTE
    __Vectors                                0x00000000   Data           4  startup_lpc17xx.o(RESET)
    __ARM_exceptions_init                     - Undefined Weak Reference
    __alloca_initialize                       - Undefined Weak Reference
    __arm_preinit_                            - Undefined Weak Reference
    __cpp_initialize__aeabi_                  - Undefined Weak Reference
    __cxa_finalize                            - Undefined Weak Reference
    __rt_locale                               - Undefined Weak Reference
    __sigvec_lookup                           - Undefined Weak Reference
    _atexit_init                              - Undefined Weak Reference
    _call_atexit_fns                          - Undefined Weak Reference
    _clock_init                               - Undefined Weak Reference
    _fp_trap_init                             - Undefined Weak Reference
    _fp_trap_shutdown                         - Undefined Weak Reference
    _get_lc_collate                           - Undefined Weak Reference
    _get_lc_ctype                             - Undefined Weak Reference
    _get_lc_monetary                          - Undefined Weak Reference
    _get_lc_numeric                           - Undefined Weak Reference
    _get_lc_time                              - Undefined Weak Reference
    _getenv_init                              - Undefined Weak Reference
    _handle_redirection                       - Undefined Weak Reference
    _init_alloc                               - Undefined Weak Reference
    _init_user_alloc                          - Undefined Weak Reference
    _initio                                   - Undefined Weak Reference
    _rand_init                                - Undefined Weak Reference
    _signal_finish                            - Undefined Weak Reference
    _signal_init                              - Undefined Weak Reference
    _terminate_alloc                          - Undefined Weak Reference
    _terminate_user_alloc                     - Undefined Weak Reference
    _terminateio                              - Undefined Weak Reference
    __main                                   0x000000cd   Thumb Code     8  __main.o(!!!main)
    __scatterload                            0x000000d5   Thumb Code     0  __scatter.o(!!!scatter)
    __scatterload_rt2                        0x000000d5   Thumb Code    44  __scatter.o(!!!scatter)
    __scatterload_rt2_thumb_only             0x000000d5   Thumb Code     0  __scatter.o(!!!scatter)
    __scatterload_null                       0x000000e3   Thumb Code     0  __scatter.o(!!!scatter)
    __scatterload_copy                       0x00000109   Thumb Code    26  __scatter_copy.o(!!handler_copy)
    __scatterload_zeroinit                   0x00000125   Thumb Code    28  __scatter_zi.o(!!handler_zi)
    __rt_lib_init                            0x00000141   Thumb Code     0  libinit.o(.ARM.Collect$$libinit$$00000000)
    __rt_lib_init_alloca_1                   0x00000143   Thumb Code     0  libinit2.o(.ARM.Collect$$libinit$$0000002E)
    __rt_lib_init_argv_1                     0x00000143   Thumb Code     0  libinit2.o(.ARM.Collect$$libinit$$0000002C)
    __rt_lib_init_atexit_1                   0x00000143   Thumb Code     0  libinit2.o(.ARM.Collect$$libinit$$0000001B)
    __rt_lib_init_clock_1                    0x00000143   Thumb Code     0  libinit2.o(.ARM.Collect$$libinit$$00000021)
    __rt_lib_init_cpp_1                      0x00000143   Thumb Code     0  libinit2.o(.ARM.Collect$$libinit$$00000032)
    __rt_lib_init_exceptions_1               0x00000143   Thumb Code     0  libinit2.o(.ARM.Collect$$libinit$$00000030)
    __rt_lib_init_fp_1                       0x00000143   Thumb Code     0  libinit2.o(.ARM.Collect$$libinit$$00000002)
    __rt_lib_init_fp_trap_1                  0x00000143   Thumb Code     0  libinit2.o(.ARM.Collect$$libinit$$0000001F)
    __rt_lib_init_getenv_1                   0x00000143   Thumb Code     0  libinit2.o(.ARM.Collect$$libinit$$00000023)
    __rt_lib_init_heap_1                     0x00000143   Thumb Code     0  libinit2.o(.ARM.Collect$$libinit$$0000000A)
    __rt_lib_init_lc_collate_1               0x00000143   Thumb Code     0  libinit2.o(.ARM.Collect$$libinit$$00000011)
    __rt_lib_init_lc_ctype_1                 0x00000143   Thumb Code     0  libinit2.o(.ARM.Collect$$libinit$$00000013)
    __rt_lib_init_lc_monetary_1              0x00000143   Thumb Code     0  libinit2.o(.ARM.Collect$$libinit$$00000015)
    __rt_lib_init_lc_numeric_1               0x00000143   Thumb Code     0  libinit2.o(.ARM.Collect$$libinit$$00000017)
    __rt_lib_init_lc_time_1                  0x00000143   Thumb Code     0  libinit2.o(.ARM.Collect$$libinit$$00000019)
    __rt_lib_init_preinit_1                  0x00000143   Thumb Code     0  libinit2.o(.ARM.Collect$$libinit$$00000004)
    __rt_lib_init_rand_1                     0x00000143   Thumb Code     0  libinit2.o(.ARM.Collect$$libinit$$0000000E)
    __rt_lib_init_return                     0x00000143   Thumb Code     0  libinit2.o(.ARM.Collect$$libinit$$00000033)
    __rt_lib_init_signal_1                   0x00000143   Thumb Code     0  libinit2.o(.ARM.Collect$$libinit$$0000001D)
    __rt_lib_init_stdio_1                    0x00000143   Thumb Code     0  libinit2.o(.ARM.Collect$$libinit$$00000025)
    __rt_lib_init_user_alloc_1               0x00000143   Thumb Code     0  libinit2.o(.ARM.Collect$$libinit$$0000000C)
    __rt_lib_shutdown                        0x00000145   Thumb Code     0  libshutdown.o(.ARM.Collect$$libshutdown$$00000000)
    __rt_lib_shutdown_cpp_1                  0x00000147   Thumb Code     0  libshutdown2.o(.ARM.Collect$$libshutdown$$00000002)
    __rt_lib_shutdown_fp_trap_1              0x00000147   Thumb Code     0  libshutdown2.o(.ARM.Collect$$libshutdown$$00000007)
    __rt_lib_shutdown_heap_1                 0x00000147   Thumb Code     0  libshutdown2.o(.ARM.Collect$$libshutdown$$0000000F)
    __rt_lib_shutdown_return                 0x00000147   Thumb Code     0  libshutdown2.o(.ARM.Collect$$libshutdown$$00000010)
    __rt_lib_shutdown_signal_1               0x00000147   Thumb Code     0  libshutdown2.o(.ARM.Collect$$libshutdown$$0000000A)
    __rt_lib_shutdown_stdio_1                0x00000147   Thumb Code     0  libshutdown2.o(.ARM.Collect$$libshutdown$$00000004)
    __rt_lib_shutdown_user_alloc_1           0x00000147   Thumb Code     0  libshutdown2.o(.ARM.Collect$$libshutdown$$0000000C)
    __rt_entry                               0x00000149   Thumb Code     0  __rtentry.o(.ARM.Collect$$rtentry$$00000000)
    __rt_entry_presh_1                       0x00000149   Thumb Code     0  __rtentry2.o(.ARM.Collect$$rtentry$$00000002)
    __rt_entry_sh                            0x00000149   Thumb Code     0  __rtentry4.o(.ARM.Collect$$rtentry$$00000004)
    __rt_entry_li                            0x0000014f   Thumb Code     0  __rtentry2.o(.ARM.Collect$$rtentry$$0000000A)
    __rt_entry_postsh_1                      0x0000014f   Thumb Code     0  __rtentry2.o(.ARM.Collect$$rtentry$$00000009)
    __rt_entry_postli_1                      0x00000153   Thumb Code     0  __rtentry2.o(.ARM.Collect$$rtentry$$0000000B)
    __rt_entry_main                          0x0000015b   Thumb Code     0  __rtentry2.o(.ARM.Collect$$rtentry$$0000000D)
    __rt_exit                                0x00000163   Thumb Code     0  rtexit.o(.ARM.Collect$$rtexit$$00000000)
    __rt_exit_ls                             0x00000165   Thumb Code     0  rtexit2.o(.ARM.Collect$$rtexit$$00000003)
    __rt_exit_prels_1                        0x00000165   Thumb Code     0  rtexit2.o(.ARM.Collect$$rtexit$$00000002)
    __rt_exit_exit                           0x00000169   Thumb Code     0  rtexit2.o(.ARM.Collect$$rtexit$$00000004)
    _platform_post_lib_init                  0x00000171   Thumb Code    24  rtx_conf_cm.o(.emb_text)
    rt_set_PSP                               0x0000018d   Thumb Code     6  hal_cm3.o(.emb_text)
    rt_get_PSP                               0x00000193   Thumb Code     6  hal_cm3.o(.emb_text)
    os_set_env                               0x00000199   Thumb Code    24  hal_cm3.o(.emb_text)
    _alloc_box                               0x000001b5   Thumb Code    28  hal_cm3.o(.emb_text)
    _free_box                                0x000001d5   Thumb Code    28  hal_cm3.o(.emb_text)
    SVC_Handler                              0x000001f5   Thumb Code   108  hal_cm3.o(.emb_text)
    PendSV_Handler                           0x0000026d   Thumb Code    56  hal_cm3.o(.emb_text)
    SysTick_Handler                          0x000002a9   Thumb Code     8  hal_cm3.o(.emb_text)
    OS_Tick_Handler                          0x000002b1   Thumb Code    12  hal_cm3.o(.emb_text)
    Reset_Handler                            0x000002bd   Thumb Code     8  startup_lpc17xx.o(.text)
    NMI_Handler                              0x000002c5   Thumb Code     2  startup_lpc17xx.o(.text)
    HardFault_Handler                        0x000002c7   Thumb Code     2  startup_lpc17xx.o(.text)
    MemManage_Handler                        0x000002c9   Thumb Code     2  startup_lpc17xx.o(.text)
    BusFault_Handler                         0x000002cb   Thumb Code     2  startup_lpc17xx.o(.text)
    UsageFault_Handler                       0x000002cd   Thumb Code     2  startup_lpc17xx.o(.text)
    DebugMon_Handler                         0x000002d1   Thumb Code     2  startup_lpc17xx.o(.text)
    ADC_IRQHandler                           0x000002d7   Thumb Code     0  startup_lpc17xx.o(.text)
    BOD_IRQHandler                           0x000002d7   Thumb Code     0  startup_lpc17xx.o(.text)
    CANActivity_IRQHandler                   0x000002d7   Thumb Code     0  startup_lpc17xx.o(.text)
    CAN_IRQHandler                           0x000002d7   Thumb Code     0  startup_lpc17xx.o(.text)
    EINT0_IRQHandler                         0x000002d7   Thumb Code     0  startup_lpc17xx.o(.text)
    EINT1_IRQHandler                         0x000002d7   Thumb Code     0  startup_lpc17xx.o(.text)
    EINT2_IRQHandler                         0x000002d7   Thumb Code     0  startup_lpc17xx.o(.text)
    EINT3_IRQHandler                         0x000002d7   Thumb Code     0  startup_lpc17xx.o(.text)
    ENET_IRQHandler                          0x000002d7   Thumb Code     0  startup_lpc17xx.o(.text)
    I2C0_IRQHandler                          0x000002d7   Thumb Code     0  startup_lpc17xx.o(.text)
    I2C1_IRQHandler                          0x000002d7   Thumb Code     0  startup_lpc17xx.o(.text)
    I2C2_IRQHandler                          0x000002d7   Thumb Code     0  startup_lpc17xx.o(.text)
    I2S_IRQHandler                           0x000002d7   Thumb Code     0  startup_lpc17xx.o(.text)
    MCPWM_IRQHandler                         0x000002d7   Thumb Code     0  startup_lpc17xx.o(.text)
    PLL0_IRQHandler                          0x000002d7   Thumb Code     0  startup_lpc17xx.o(.text)
    PLL1_IRQHandler                          0x000002d7   Thumb Code     0  startup_lpc17xx.o(.text)
    PWM1_IRQHandler                          0x000002d7   Thumb Code     0  startup_lpc17xx.o(.text)
    QEI_IRQHandler                           0x000002d7   Thumb Code     0  startup_lpc17xx.o(.text)
    RIT_IRQHandler                           0x000002d7   Thumb Code     0  startup_lpc17xx.o(.text)
    RTC_IRQHandler                           0x000002d7   Thumb Code     0  startup_lpc17xx.o(.text)
    SPI_IRQHandler                           0x000002d7   Thumb Code     0  startup_lpc17xx.o(.text)
    SSP0_IRQHandler                          0x000002d7   Thumb Code     0  startup_lpc17xx.o(.text)
    TIMER0_IRQHandler                        0x000002d7   Thumb Code     0  startup_lpc17xx.o(.text)
    TIMER1_IRQHandler                        0x000002d7   Thumb Code     0  startup_lpc17xx.o(.text)
    TIMER2_IRQHandler                        0x000002d7   Thumb Code     0  startup_lpc17xx.o(.text)
    TIMER3_IRQHandler                        0x000002d7   Thumb Code     0  startup_lpc17xx.o(.text)
    UART2_IRQHandler                         0x000002d7   Thumb Code     0  startup_lpc17xx.o(.text)
    UART3_IRQHandler                         0x000002d7   Thumb Code     0  startup_lpc17xx.o(.text)
    USBActivity_IRQHandler                   0x000002d7   Thumb Code     0  startup_lpc17xx.o(.text)
    USB_IRQHandler                           0x000002d7   Thumb Code     0  startup_lpc17xx.o(.text)
    WDT_IRQHandler                           0x000002d7   Thumb Code     0  startup_lpc17xx.o(.text)
    __user_initial_stackheap                 0x000002d9   Thumb Code     0  startup_lpc17xx.o(.text)
    __I$use$semihosting                      0x000002f9   Thumb Code     0  use_no_semi.o(.text)
    __use_no_semihosting_swi                 0x000002f9   Thumb Code     2  use_no_semi.o(.text)
    __semihosting_library_function           0x000002fb   Thumb Code     0  indicate_semi.o(.text)
    os_tick_irqack                           0x000002fb   Thumb Code     2  rt_system.o(i.os_tick_irqack)
    __user_libspace                          0x00000301   Thumb Code     8  libspace.o(.text)
    __user_perproc_libspace                  0x00000301   Thumb Code     0  libspace.o(.text)
    __aeabi_uldivmod                         0x00000309   Thumb Code     0  lludivv7m.o(.text)
    _ll_udiv                                 0x00000309   Thumb Code   238  lludivv7m.o(.text)
    exit                                     0x000003f7   Thumb Code    18  exit.o(.text)
    __aeabi_memclr4                          0x00000409   Thumb Code     0  rt_memclr_w.o(.text)
    __aeabi_memclr8                          0x00000409   Thumb Code     0  rt_memclr_w.o(.text)
    __rt_memclr_w                            0x00000409   Thumb Code    78  rt_memclr_w.o(.text)
    _memset_w                                0x0000040d   Thumb Code     0  rt_memclr_w.o(.text)
    __use_two_region_memory                  0x00000457   Thumb Code     2  heapauxi.o(.text)
    __rt_heap_escrow$2region                 0x00000459   Thumb Code     2  heapauxi.o(.text)
    __rt_heap_expand$2region                 0x0000045b   Thumb Code     2  heapauxi.o(.text)
    _sys_exit                                0x0000045d   Thumb Code     8  sys_exit.o(.text)
    __user_setup_stackheap                   0x00000469   Thumb Code    74  sys_stackheap_outer.o(.text)
    __RL_RTX_VER                             0x00000482   Number         0  rt_system.o ABSOLUTE
    SVC_Count                                0x000004b4   Data           4  svc_table.o(SVC_TABLE)
    SVC_Table                                0x000004b8   Data           0  svc_table.o(SVC_TABLE)
    DMA_IRQHandler                           0x000004d9   Thumb Code   372  gpdma_lpc17xx.o(i.DMA_IRQHandler)
    GLCD_ClearScreen                         0x00000659   Thumb Code    44  glcd_mcb1700.o(i.GLCD_ClearScreen)
    GLCD_DrawChar                            0x00000689   Thumb Code   194  glcd_mcb1700.o(i.GLCD_DrawChar)
    GLCD_DrawString                          0x00000759   Thumb Code    38  glcd_mcb1700.o(i.GLCD_DrawString)
    GLCD_Initialize                          0x00000785   Thumb Code  1462  glcd_mcb1700.o(i.GLCD_Initialize)
    GLCD_SetFont                             0x00000d3d   Thumb Code    10  glcd_mcb1700.o(i.GLCD_SetFont)
    GLCD_SetWindow                           0x00000d4d   Thumb Code   168  glcd_mcb1700.o(i.GLCD_SetWindow)
    GLCD_WindowMax                           0x00000df9   Thumb Code    18  glcd_mcb1700.o(i.GLCD_WindowMax)
    GPDMA_ChannelConfigure                   0x00000e0d   Thumb Code   232  gpdma_lpc17xx.o(i.GPDMA_ChannelConfigure)
    GPDMA_ChannelDisable                     0x00000f01   Thumb Code    44  gpdma_lpc17xx.o(i.GPDMA_ChannelDisable)
    GPDMA_ChannelGetCount                    0x00000f31   Thumb Code    38  gpdma_lpc17xx.o(i.GPDMA_ChannelGetCount)
    GPDMA_Initialize                         0x00000f61   Thumb Code   154  gpdma_lpc17xx.o(i.GPDMA_Initialize)
    GPDMA_PeripheralSelect                   0x00001011   Thumb Code    62  gpdma_lpc17xx.o(i.GPDMA_PeripheralSelect)
    GPDMA_Uninitialize                       0x00001055   Thumb Code   116  gpdma_lpc17xx.o(i.GPDMA_Uninitialize)
    GPIO_PinRead                             0x000010d5   Thumb Code    28  gpio_lpc17xx.o(i.GPIO_PinRead)
    GPIO_PinWrite                            0x000010f5   Thumb Code    36  gpio_lpc17xx.o(i.GPIO_PinWrite)
    GPIO_PortClock                           0x0000111d   Thumb Code    38  gpio_lpc17xx.o(i.GPIO_PortClock)
    GPIO_SetDir                              0x00001149   Thumb Code    52  gpio_lpc17xx.o(i.GPIO_SetDir)
    Init_UART                                0x00001209   Thumb Code    52  main.o(i.Init_UART)
    PIN_Configure                            0x00001241   Thumb Code   246  pin_lpc17xx.o(i.PIN_Configure)
    SSP1_GPDMA_Rx_SignalEvent                0x00001355   Thumb Code    14  ssp_lpc17xx.o(i.SSP1_GPDMA_Rx_SignalEvent)
    SSP1_GPDMA_Tx_SignalEvent                0x00001369   Thumb Code    14  ssp_lpc17xx.o(i.SSP1_GPDMA_Tx_SignalEvent)
    SSP1_IRQHandler                          0x0000139d   Thumb Code    10  ssp_lpc17xx.o(i.SSP1_IRQHandler)
    SSPx_GPDMA_Rx_SignalEvent                0x0000196b   Thumb Code    54  ssp_lpc17xx.o(i.SSPx_GPDMA_Rx_SignalEvent)
    SSPx_GPDMA_Tx_SignalEvent                0x000019a1   Thumb Code    28  ssp_lpc17xx.o(i.SSPx_GPDMA_Tx_SignalEvent)
    SystemInit                               0x00002259   Thumb Code   302  system_lpc17xx.o(i.SystemInit)
    UART0_IRQHandler                         0x00002399   Thumb Code    10  uart_lpc17xx.o(i.UART0_IRQHandler)
    UART1_IRQHandler                         0x000023a9   Thumb Code    10  uart_lpc17xx.o(i.UART1_IRQHandler)
    USART0_GPDMA_Rx_Event                    0x000023d1   Thumb Code    14  uart_lpc17xx.o(i.USART0_GPDMA_Rx_Event)
    USART0_GPDMA_Tx_Event                    0x000023e5   Thumb Code    14  uart_lpc17xx.o(i.USART0_GPDMA_Tx_Event)
    USART1_GPDMA_Rx_Event                    0x000024f9   Thumb Code    14  uart_lpc17xx.o(i.USART1_GPDMA_Rx_Event)
    USART1_GPDMA_Tx_Event                    0x0000250d   Thumb Code    14  uart_lpc17xx.o(i.USART1_GPDMA_Tx_Event)
    USART_SetBaudrate                        0x00003801   Thumb Code   302  uart_lpc17xx.o(i.USART_SetBaudrate)
    _init_box                                0x00003b95   Thumb Code    70  rt_membox.o(i._init_box)
    _mutex_acquire                           0x00003bdd   Thumb Code    22  rtx_conf_cm.o(i._mutex_acquire)
    _mutex_release                           0x00003bfd   Thumb Code    18  rtx_conf_cm.o(i._mutex_release)
    dbg_init                                 0x00003c19   Thumb Code    34  hal_cm.o(i.dbg_init)
    dbg_task_notify                          0x00003c49   Thumb Code    32  hal_cm.o(i.dbg_task_notify)
    dbg_task_switch                          0x00003c69   Thumb Code    16  hal_cm.o(i.dbg_task_switch)
    isrMessageGet                            0x00003ca5   Thumb Code    42  rt_cmsis.o(i.isrMessageGet)
    isrMessagePut                            0x00003ccf   Thumb Code    44  rt_cmsis.o(i.isrMessagePut)
    isr_mbx_receive                          0x00003cfd   Thumb Code    86  rt_mailbox.o(i.isr_mbx_receive)
    isr_mbx_send                             0x00003d53   Thumb Code    14  rt_mailbox.o(i.isr_mbx_send)
    main                                     0x00003d61   Thumb Code    52  main.o(i.main)
    osDelay                                  0x00003da1   Thumb Code    18  rt_cmsis.o(i.osDelay)
    osKernelInitialize                       0x00003db9   Thumb Code    30  rt_cmsis.o(i.osKernelInitialize)
    osKernelStart                            0x00003ddd   Thumb Code    98  rt_cmsis.o(i.osKernelStart)
    osMessageGet                             0x00003e49   Thumb Code    18  rt_cmsis.o(i.osMessageGet)
    osThreadCreate                           0x00003e61   Thumb Code    36  rt_cmsis.o(i.osThreadCreate)
    osThreadExit                             0x00003e8d   Thumb Code    14  rt_cmsis.o(i.osThreadExit)
    osTimerCall                              0x00003ea5   Thumb Code     8  rt_cmsis.o(i.osTimerCall)
    osTimerThread                            0x00003eb1   Thumb Code    38  rt_cmsis.o(i.osTimerThread)
    os_error                                 0x00003edd   Thumb Code    34  rtx_conf_cm.o(i.os_error)
    os_idle_demon                            0x00003eff   Thumb Code     4  rtx_conf_cm.o(i.os_idle_demon)
    os_tick_init                             0x00003f05   Thumb Code    32  rt_system.o(i.os_tick_init)
    rt_alloc_box                             0x00004049   Thumb Code    26  rt_membox.o(i.rt_alloc_box)
    rt_alloc_mem                             0x00004063   Thumb Code    62  rt_memory.o(i.rt_alloc_mem)
    rt_block                                 0x000040a1   Thumb Code    48  rt_task.o(i.rt_block)
    rt_chk_robin                             0x000040d9   Thumb Code    60  rt_robin.o(i.rt_chk_robin)
    rt_dec_dly                               0x00004121   Thumb Code   102  rt_list.o(i.rt_dec_dly)
    rt_dispatch                              0x00004191   Thumb Code    60  rt_task.o(i.rt_dispatch)
    rt_dly_wait                              0x000041d5   Thumb Code     6  rt_time.o(i.rt_dly_wait)
    rt_evt_psh                               0x000041dd   Thumb Code    76  rt_event.o(i.rt_evt_psh)
    rt_free_box                              0x0000422d   Thumb Code    44  rt_membox.o(i.rt_free_box)
    rt_free_mem                              0x00004259   Thumb Code    40  rt_memory.o(i.rt_free_mem)
    rt_get_first                             0x00004281   Thumb Code    40  rt_list.o(i.rt_get_first)
    rt_init_mem                              0x000042f9   Thumb Code    26  rt_memory.o(i.rt_init_mem)
    rt_init_robin                            0x00004315   Thumb Code    14  rt_robin.o(i.rt_init_robin)
    rt_init_stack                            0x0000432d   Thumb Code   118  hal_cm.o(i.rt_init_stack)
    rt_mbx_check                             0x000043ad   Thumb Code     8  rt_mailbox.o(i.rt_mbx_check)
    rt_mbx_init                              0x000043b5   Thumb Code    26  rt_mailbox.o(i.rt_mbx_init)
    rt_mbx_psh                               0x000043d1   Thumb Code   236  rt_mailbox.o(i.rt_mbx_psh)
    rt_mbx_wait                              0x000044c1   Thumb Code   174  rt_mailbox.o(i.rt_mbx_wait)
    rt_mut_release                           0x000045b9   Thumb Code   208  rt_mutex.o(i.rt_mut_release)
    rt_mut_wait                              0x00004691   Thumb Code   114  rt_mutex.o(i.rt_mut_wait)
    rt_pop_req                               0x00004709   Thumb Code   112  rt_system.o(i.rt_pop_req)
    rt_psh_req                               0x00004785   Thumb Code    22  rt_system.o(i.rt_psh_req)
    rt_psq_enq                               0x000047a5   Thumb Code    88  rt_list.o(i.rt_psq_enq)
    rt_put_dly                               0x00004801   Thumb Code    68  rt_list.o(i.rt_put_dly)
    rt_put_prio                              0x00004849   Thumb Code    54  rt_list.o(i.rt_put_prio)
    rt_put_rdy_first                         0x00004881   Thumb Code    14  rt_list.o(i.rt_put_rdy_first)
    rt_resort_prio                           0x00004895   Thumb Code    46  rt_list.o(i.rt_resort_prio)
    rt_ret_val                               0x000048c9   Thumb Code     6  hal_cm.o(i.rt_ret_val)
    rt_ret_val2                              0x000048cf   Thumb Code     8  hal_cm.o(i.rt_ret_val2)
    rt_rmv_dly                               0x000048d7   Thumb Code    40  rt_list.o(i.rt_rmv_dly)
    rt_rmv_list                              0x00004901   Thumb Code    44  rt_list.o(i.rt_rmv_list)
    rt_sem_psh                               0x00004931   Thumb Code    48  rt_semaphore.o(i.rt_sem_psh)
    rt_stk_check                             0x00004965   Thumb Code    28  rt_system.o(i.rt_stk_check)
    rt_switch_req                            0x00004989   Thumb Code    30  rt_task.o(i.rt_switch_req)
    rt_sys_init                              0x000049b1   Thumb Code   138  rt_task.o(i.rt_sys_init)
    rt_sys_start                             0x00004a7d   Thumb Code   110  rt_task.o(i.rt_sys_start)
    rt_systick                               0x00004af5   Thumb Code    50  rt_system.o(i.rt_systick)
    rt_tsk_create                            0x00004b7d   Thumb Code   118  rt_task.o(i.rt_tsk_create)
    rt_tsk_delete                            0x00004c05   Thumb Code   352  rt_task.o(i.rt_tsk_delete)
    rt_tsk_prio                              0x00004d81   Thumb Code   108  rt_task.o(i.rt_tsk_prio)
    rt_tsk_self                              0x00004dfd   Thumb Code    12  rt_task.o(i.rt_tsk_self)
    svcDelay                                 0x00004ec1   Thumb Code    18  rt_cmsis.o(i.svcDelay)
    svcKernelInitialize                      0x00004ed5   Thumb Code    80  rt_cmsis.o(i.svcKernelInitialize)
    svcKernelStart                           0x00004f45   Thumb Code    62  rt_cmsis.o(i.svcKernelStart)
    svcMessageCreate                         0x00004f8d   Thumb Code    36  rt_cmsis.o(i.svcMessageCreate)
    svcMessageGet                            0x00004fb1   Thumb Code    58  rt_cmsis.o(i.svcMessageGet)
    svcThreadCreate                          0x00004fed   Thumb Code    96  rt_cmsis.o(i.svcThreadCreate)
    svcThreadGetId                           0x00005059   Thumb Code    22  rt_cmsis.o(i.svcThreadGetId)
    svcThreadTerminate                       0x00005075   Thumb Code    50  rt_cmsis.o(i.svcThreadTerminate)
    svcTimerCall                             0x000050ad   Thumb Code    24  rt_cmsis.o(i.svcTimerCall)
    sysTimerTick                             0x000050c5   Thumb Code    84  rt_cmsis.o(i.sysTimerTick)
    tache1                                   0x00005121   Thumb Code   114  main.o(i.tache1)
    os_thread_def_tache1                     0x000052d4   Data          16  main.o(.constdata)
    GLCD_Font_6x8                            0x00006b64   Data          16  glcd_fonts.o(.constdata)
    GLCD_Font_16x24                          0x00006b74   Data          16  glcd_fonts.o(.constdata)
    os_maxtaskrun                            0x00006b84   Data           2  rtx_conf_cm.o(.constdata)
    os_stackinfo                             0x00006b88   Data           4  rtx_conf_cm.o(.constdata)
    os_rrobin                                0x00006b8c   Data           4  rtx_conf_cm.o(.constdata)
    os_tickfreq                              0x00006b90   Data           4  rtx_conf_cm.o(.constdata)
    os_tickus_i                              0x00006b94   Data           2  rtx_conf_cm.o(.constdata)
    os_tickus_f                              0x00006b96   Data           2  rtx_conf_cm.o(.constdata)
    os_trv                                   0x00006b98   Data           4  rtx_conf_cm.o(.constdata)
    os_flags                                 0x00006b9c   Data           1  rtx_conf_cm.o(.constdata)
    CMSIS_RTOS_API_Version                   0x00006ba0   Data           4  rtx_conf_cm.o(.constdata)
    CMSIS_RTOS_RTX_Version                   0x00006ba4   Data           4  rtx_conf_cm.o(.constdata)
    os_clockrate                             0x00006ba8   Data           4  rtx_conf_cm.o(.constdata)
    os_timernum                              0x00006bac   Data           4  rtx_conf_cm.o(.constdata)
    mp_tcb_size                              0x00006bb0   Data           2  rtx_conf_cm.o(.constdata)
    mp_stk_size                              0x00006bb4   Data           4  rtx_conf_cm.o(.constdata)
    os_stack_sz                              0x00006bb8   Data           4  rtx_conf_cm.o(.constdata)
    os_fifo_size                             0x00006bbc   Data           1  rtx_conf_cm.o(.constdata)
    os_thread_def_osTimerThread              0x00006bc0   Data          16  rtx_conf_cm.o(.constdata)
    os_messageQ_def_osTimerMessageQ          0x00006bd0   Data           8  rtx_conf_cm.o(.constdata)
    mp_tmr_size                              0x00006bd8   Data           2  rtx_conf_cm.o(.constdata)
    os_thread_def_main                       0x00006bdc   Data          16  rtx_conf_cm.o(.constdata)
    Driver_SPI1                              0x00006c3c   Data          44  ssp_lpc17xx.o(.constdata)
    Driver_USART0                            0x00006e74   Data          56  uart_lpc17xx.o(.constdata)
    Driver_USART1                            0x00006eac   Data          56  uart_lpc17xx.o(.constdata)
    Region$$Table$$Base                      0x00006ee4   Number         0  anon$$obj.o(Region$$Table)
    Region$$Table$$Limit                     0x00006f04   Number         0  anon$$obj.o(Region$$Table)
    ID_Tache1                                0x10000000   Data           4  main.o(.data)
    osThreadId_osTimerThread                 0x10000018   Data           4  rtx_conf_cm.o(.data)
    osMessageQId_osTimerMessageQ             0x1000001c   Data           4  rtx_conf_cm.o(.data)
    os_tmr                                   0x10000020   Data           4  rtx_conf_cm.o(.data)
    m_tmr                                    0x10000024   Data           4  rtx_conf_cm.o(.data)
    SystemCoreClock                          0x10000044   Data           4  system_lpc17xx.o(.data)
    os_initialized                           0x10000050   Data           1  rt_cmsis.o(.data)
    os_running                               0x10000051   Data           1  rt_cmsis.o(.data)
    os_timer_head                            0x10000054   Data           4  rt_cmsis.o(.data)
    os_tsk                                   0x10000058   Data           8  rt_task.o(.data)
    os_tick_irqn                             0x10000064   Data           4  rt_system.o(.data)
    os_time                                  0x10000068   Data           4  rt_time.o(.data)
    os_robin                                 0x1000006c   Data           8  rt_robin.o(.data)
    dbg_msg                                  0x10000074   Data           1  hal_cm.o(.data)
    mp_tcb                                   0x10000078   Data         376  rtx_conf_cm.o(.bss)
    mp_stk                                   0x100001f0   Data        1216  rtx_conf_cm.o(.bss)
    os_stack_mem                             0x100006b0   Data         432  rtx_conf_cm.o(.bss)
    os_fifo                                  0x10000860   Data         132  rtx_conf_cm.o(.bss)
    os_active_TCB                            0x100008e4   Data          28  rtx_conf_cm.o(.bss)
    os_messageQ_q_osTimerMessageQ            0x10000900   Data          32  rtx_conf_cm.o(.bss)
    os_idle_TCB                              0x10000d70   Data          52  rt_task.o(.bss)
    os_rdy                                   0x10000da4   Data          24  rt_list.o(.bss)
    os_dly                                   0x10000dbc   Data          24  rt_list.o(.bss)
    __libspace_start                         0x10000dd4   Data          96  libspace.o(.bss)
    __temporary_stack_top$libspace           0x10000e34   Data           0  libspace.o(.bss)



==============================================================================

Memory Map of the image

  Image Entry point : 0x000002bd

  Load Region LR_1 (Base: 0x00000000, Size: 0x00006f7c, Max: 0xffffffff, ABSOLUTE)

    Execution Region ER_RO (Base: 0x00000000, Size: 0x00006f04, Max: 0xffffffff, ABSOLUTE)

    Base Addr    Size         Type   Attr      Idx    E Section Name        Object

    0x00000000   0x000000cc   Data   RO          849    RESET               startup_lpc17xx.o
    0x000000cc   0x00000008   Code   RO         2297  * !!!main             c_w.l(__main.o)
    0x000000d4   0x00000034   Code   RO         2458    !!!scatter          c_w.l(__scatter.o)
    0x00000108   0x0000001a   Code   RO         2460    !!handler_copy      c_w.l(__scatter_copy.o)
    0x00000122   0x00000002   PAD
    0x00000124   0x0000001c   Code   RO         2462    !!handler_zi        c_w.l(__scatter_zi.o)
    0x00000140   0x00000002   Code   RO         2344    .ARM.Collect$$libinit$$00000000  c_w.l(libinit.o)
    0x00000142   0x00000000   Code   RO         2356    .ARM.Collect$$libinit$$00000002  c_w.l(libinit2.o)
    0x00000142   0x00000000   Code   RO         2358    .ARM.Collect$$libinit$$00000004  c_w.l(libinit2.o)
    0x00000142   0x00000000   Code   RO         2361    .ARM.Collect$$libinit$$0000000A  c_w.l(libinit2.o)
    0x00000142   0x00000000   Code   RO         2363    .ARM.Collect$$libinit$$0000000C  c_w.l(libinit2.o)
    0x00000142   0x00000000   Code   RO         2365    .ARM.Collect$$libinit$$0000000E  c_w.l(libinit2.o)
    0x00000142   0x00000000   Code   RO         2368    .ARM.Collect$$libinit$$00000011  c_w.l(libinit2.o)
    0x00000142   0x00000000   Code   RO         2370    .ARM.Collect$$libinit$$00000013  c_w.l(libinit2.o)
    0x00000142   0x00000000   Code   RO         2372    .ARM.Collect$$libinit$$00000015  c_w.l(libinit2.o)
    0x00000142   0x00000000   Code   RO         2374    .ARM.Collect$$libinit$$00000017  c_w.l(libinit2.o)
    0x00000142   0x00000000   Code   RO         2376    .ARM.Collect$$libinit$$00000019  c_w.l(libinit2.o)
    0x00000142   0x00000000   Code   RO         2378    .ARM.Collect$$libinit$$0000001B  c_w.l(libinit2.o)
    0x00000142   0x00000000   Code   RO         2380    .ARM.Collect$$libinit$$0000001D  c_w.l(libinit2.o)
    0x00000142   0x00000000   Code   RO         2382    .ARM.Collect$$libinit$$0000001F  c_w.l(libinit2.o)
    0x00000142   0x00000000   Code   RO         2384    .ARM.Collect$$libinit$$00000021  c_w.l(libinit2.o)
    0x00000142   0x00000000   Code   RO         2386    .ARM.Collect$$libinit$$00000023  c_w.l(libinit2.o)
    0x00000142   0x00000000   Code   RO         2388    .ARM.Collect$$libinit$$00000025  c_w.l(libinit2.o)
    0x00000142   0x00000000   Code   RO         2392    .ARM.Collect$$libinit$$0000002C  c_w.l(libinit2.o)
    0x00000142   0x00000000   Code   RO         2394    .ARM.Collect$$libinit$$0000002E  c_w.l(libinit2.o)
    0x00000142   0x00000000   Code   RO         2396    .ARM.Collect$$libinit$$00000030  c_w.l(libinit2.o)
    0x00000142   0x00000000   Code   RO         2398    .ARM.Collect$$libinit$$00000032  c_w.l(libinit2.o)
    0x00000142   0x00000002   Code   RO         2399    .ARM.Collect$$libinit$$00000033  c_w.l(libinit2.o)
    0x00000144   0x00000002   Code   RO         2345    .ARM.Collect$$libshutdown$$00000000  c_w.l(libshutdown.o)
    0x00000146   0x00000000   Code   RO         2401    .ARM.Collect$$libshutdown$$00000002  c_w.l(libshutdown2.o)
    0x00000146   0x00000000   Code   RO         2403    .ARM.Collect$$libshutdown$$00000004  c_w.l(libshutdown2.o)
    0x00000146   0x00000000   Code   RO         2406    .ARM.Collect$$libshutdown$$00000007  c_w.l(libshutdown2.o)
    0x00000146   0x00000000   Code   RO         2409    .ARM.Collect$$libshutdown$$0000000A  c_w.l(libshutdown2.o)
    0x00000146   0x00000000   Code   RO         2411    .ARM.Collect$$libshutdown$$0000000C  c_w.l(libshutdown2.o)
    0x00000146   0x00000000   Code   RO         2414    .ARM.Collect$$libshutdown$$0000000F  c_w.l(libshutdown2.o)
    0x00000146   0x00000002   Code   RO         2415    .ARM.Collect$$libshutdown$$00000010  c_w.l(libshutdown2.o)
    0x00000148   0x00000000   Code   RO         2299    .ARM.Collect$$rtentry$$00000000  c_w.l(__rtentry.o)
    0x00000148   0x00000000   Code   RO         2307    .ARM.Collect$$rtentry$$00000002  c_w.l(__rtentry2.o)
    0x00000148   0x00000006   Code   RO         2319    .ARM.Collect$$rtentry$$00000004  c_w.l(__rtentry4.o)
    0x0000014e   0x00000000   Code   RO         2309    .ARM.Collect$$rtentry$$00000009  c_w.l(__rtentry2.o)
    0x0000014e   0x00000004   Code   RO         2310    .ARM.Collect$$rtentry$$0000000A  c_w.l(__rtentry2.o)
    0x00000152   0x00000008   Code   RO         2311    .ARM.Collect$$rtentry$$0000000B  c_w.l(__rtentry2.o)
    0x0000015a   0x00000008   Code   RO         2313    .ARM.Collect$$rtentry$$0000000D  c_w.l(__rtentry2.o)
    0x00000162   0x00000002   Code   RO         2300    .ARM.Collect$$rtexit$$00000000  c_w.l(rtexit.o)
    0x00000164   0x00000000   Code   RO         2322    .ARM.Collect$$rtexit$$00000002  c_w.l(rtexit2.o)
    0x00000164   0x00000004   Code   RO         2323    .ARM.Collect$$rtexit$$00000003  c_w.l(rtexit2.o)
    0x00000168   0x00000006   Code   RO         2324    .ARM.Collect$$rtexit$$00000004  c_w.l(rtexit2.o)
    0x0000016e   0x00000002   PAD
    0x00000170   0x0000001c   Code   RO          301    .emb_text           rtx_conf_cm.o
    0x0000018c   0x00000130   Code   RO         2271    .emb_text           RTX_CM3.lib(hal_cm3.o)
    0x000002bc   0x0000003c   Code   RO          851  * .text               startup_lpc17xx.o
    0x000002f8   0x00000002   Code   RO         2346    .text               c_w.l(use_no_semi.o)
    0x000002fa   0x00000000   Code   RO         2348    .text               c_w.l(indicate_semi.o)
    0x000002fa   0x00000002   Code   RO         1818    i.os_tick_irqack    RTX_CM3.lib(rt_system.o)
    0x000002fc   0x00000004   Code   RO          850    .ARM.__at_0x02FC    startup_lpc17xx.o
    0x00000300   0x00000008   Code   RO         2286    .text               c_w.l(libspace.o)
    0x00000308   0x000000ee   Code   RO         2289    .text               c_w.l(lludivv7m.o)
    0x000003f6   0x00000012   Code   RO         2291    .text               c_w.l(exit.o)
    0x00000408   0x0000004e   Code   RO         2293    .text               c_w.l(rt_memclr_w.o)
    0x00000456   0x00000006   Code   RO         2295    .text               c_w.l(heapauxi.o)
    0x0000045c   0x0000000c   Code   RO         2330    .text               c_w.l(sys_exit.o)
    0x00000468   0x0000004a   Code   RO         2332    .text               c_w.l(sys_stackheap_outer.o)
    0x000004b2   0x00000002   PAD
    0x000004b4   0x00000004   Code   RO         2281    SVC_TABLE           RTX_CM3.lib(svc_table.o)
    0x000004b8   0x00000020   Code   RO          896    i.Clear_Channel_active_flag  gpdma_lpc17xx.o
    0x000004d8   0x00000180   Code   RO          897    i.DMA_IRQHandler    gpdma_lpc17xx.o
    0x00000658   0x00000030   Code   RO           76    i.GLCD_ClearScreen  glcd_mcb1700.o
    0x00000688   0x000000d0   Code   RO           79    i.GLCD_DrawChar     glcd_mcb1700.o
    0x00000758   0x0000002c   Code   RO           83    i.GLCD_DrawString   glcd_mcb1700.o
    0x00000784   0x000005b6   Code   RO           87    i.GLCD_Initialize   glcd_mcb1700.o
    0x00000d3a   0x00000002   PAD
    0x00000d3c   0x00000010   Code   RO           89    i.GLCD_SetFont      glcd_mcb1700.o
    0x00000d4c   0x000000ac   Code   RO           91    i.GLCD_SetWindow    glcd_mcb1700.o
    0x00000df8   0x00000012   Code   RO           94    i.GLCD_WindowMax    glcd_mcb1700.o
    0x00000e0a   0x00000002   PAD
    0x00000e0c   0x000000f4   Code   RO          898    i.GPDMA_ChannelConfigure  gpdma_lpc17xx.o
    0x00000f00   0x00000030   Code   RO          899    i.GPDMA_ChannelDisable  gpdma_lpc17xx.o
    0x00000f30   0x00000030   Code   RO          901    i.GPDMA_ChannelGetCount  gpdma_lpc17xx.o
    0x00000f60   0x000000b0   Code   RO          903    i.GPDMA_Initialize  gpdma_lpc17xx.o
    0x00001010   0x00000044   Code   RO          904    i.GPDMA_PeripheralSelect  gpdma_lpc17xx.o
    0x00001054   0x00000080   Code   RO          905    i.GPDMA_Uninitialize  gpdma_lpc17xx.o
    0x000010d4   0x00000020   Code   RO          986    i.GPIO_PinRead      gpio_lpc17xx.o
    0x000010f4   0x00000028   Code   RO          987    i.GPIO_PinWrite     gpio_lpc17xx.o
    0x0000111c   0x0000002c   Code   RO          988    i.GPIO_PortClock    gpio_lpc17xx.o
    0x00001148   0x00000038   Code   RO          991    i.GPIO_SetDir       gpio_lpc17xx.o
    0x00001180   0x00000044   Code   RO          362    i.GetSSPClockFreq   ssp_lpc17xx.o
    0x000011c4   0x00000044   Code   RO          552    i.GetUsartClockFreq  uart_lpc17xx.o
    0x00001208   0x00000038   Code   RO            1    i.Init_UART         main.o
    0x00001240   0x000000fc   Code   RO         1040    i.PIN_Configure     pin_lpc17xx.o
    0x0000133c   0x00000018   Code   RO          363    i.SSP1_Control      ssp_lpc17xx.o
    0x00001354   0x00000014   Code   RO          364    i.SSP1_GPDMA_Rx_SignalEvent  ssp_lpc17xx.o
    0x00001368   0x00000014   Code   RO          365    i.SSP1_GPDMA_Tx_SignalEvent  ssp_lpc17xx.o
    0x0000137c   0x00000010   Code   RO          366    i.SSP1_GetDataCount  ssp_lpc17xx.o
    0x0000138c   0x00000010   Code   RO          367    i.SSP1_GetStatus    ssp_lpc17xx.o
    0x0000139c   0x00000010   Code   RO          368    i.SSP1_IRQHandler   ssp_lpc17xx.o
    0x000013ac   0x00000014   Code   RO          369    i.SSP1_Initialize   ssp_lpc17xx.o
    0x000013c0   0x00000014   Code   RO          370    i.SSP1_PowerControl  ssp_lpc17xx.o
    0x000013d4   0x00000018   Code   RO          371    i.SSP1_Receive      ssp_lpc17xx.o
    0x000013ec   0x00000018   Code   RO          372    i.SSP1_Send         ssp_lpc17xx.o
    0x00001404   0x0000001c   Code   RO          373    i.SSP1_Transfer     ssp_lpc17xx.o
    0x00001420   0x00000010   Code   RO          374    i.SSP1_Uninitialize  ssp_lpc17xx.o
    0x00001430   0x0000000c   Code   RO          375    i.SSP_GetCapabilities  ssp_lpc17xx.o
    0x0000143c   0x00000010   Code   RO          376    i.SSP_GetVersion    ssp_lpc17xx.o
    0x0000144c   0x0000051e   Code   RO          377    i.SSPx_Control      ssp_lpc17xx.o
    0x0000196a   0x00000036   Code   RO          378    i.SSPx_GPDMA_Rx_SignalEvent  ssp_lpc17xx.o
    0x000019a0   0x0000001c   Code   RO          379    i.SSPx_GPDMA_Tx_SignalEvent  ssp_lpc17xx.o
    0x000019bc   0x0000002c   Code   RO          380    i.SSPx_GetDataCount  ssp_lpc17xx.o
    0x000019e8   0x0000005a   Code   RO          381    i.SSPx_GetStatus    ssp_lpc17xx.o
    0x00001a42   0x00000104   Code   RO          382    i.SSPx_IRQHandler   ssp_lpc17xx.o
    0x00001b46   0x000000a8   Code   RO          383    i.SSPx_Initialize   ssp_lpc17xx.o
    0x00001bee   0x00000002   PAD
    0x00001bf0   0x000001bc   Code   RO          384    i.SSPx_PowerControl  ssp_lpc17xx.o
    0x00001dac   0x0000015c   Code   RO          385    i.SSPx_Receive      ssp_lpc17xx.o
    0x00001f08   0x00000154   Code   RO          386    i.SSPx_Send         ssp_lpc17xx.o
    0x0000205c   0x00000152   Code   RO          387    i.SSPx_Transfer     ssp_lpc17xx.o
    0x000021ae   0x00000070   Code   RO          388    i.SSPx_Uninitialize  ssp_lpc17xx.o
    0x0000221e   0x00000002   PAD
    0x00002220   0x00000038   Code   RO          906    i.Set_Channel_active_flag  gpdma_lpc17xx.o
    0x00002258   0x00000140   Code   RO          861    i.SystemInit        system_lpc17xx.o
    0x00002398   0x00000010   Code   RO          553    i.UART0_IRQHandler  uart_lpc17xx.o
    0x000023a8   0x00000010   Code   RO          554    i.UART1_IRQHandler  uart_lpc17xx.o
    0x000023b8   0x00000018   Code   RO          555    i.USART0_Control    uart_lpc17xx.o
    0x000023d0   0x00000014   Code   RO          556    i.USART0_GPDMA_Rx_Event  uart_lpc17xx.o
    0x000023e4   0x00000014   Code   RO          557    i.USART0_GPDMA_Tx_Event  uart_lpc17xx.o
    0x000023f8   0x00000010   Code   RO          558    i.USART0_GetCapabilities  uart_lpc17xx.o
    0x00002408   0x00000010   Code   RO          559    i.USART0_GetModemStatus  uart_lpc17xx.o
    0x00002418   0x00000010   Code   RO          560    i.USART0_GetRxCount  uart_lpc17xx.o
    0x00002428   0x00000010   Code   RO          561    i.USART0_GetStatus  uart_lpc17xx.o
    0x00002438   0x00000010   Code   RO          562    i.USART0_GetTxCount  uart_lpc17xx.o
    0x00002448   0x00000014   Code   RO          563    i.USART0_Initialize  uart_lpc17xx.o
    0x0000245c   0x00000014   Code   RO          564    i.USART0_PowerControl  uart_lpc17xx.o
    0x00002470   0x00000018   Code   RO          565    i.USART0_Receive    uart_lpc17xx.o
    0x00002488   0x00000018   Code   RO          566    i.USART0_Send       uart_lpc17xx.o
    0x000024a0   0x00000014   Code   RO          567    i.USART0_SetModemControl  uart_lpc17xx.o
    0x000024b4   0x0000001c   Code   RO          568    i.USART0_Transfer   uart_lpc17xx.o
    0x000024d0   0x00000010   Code   RO          569    i.USART0_Uninitialize  uart_lpc17xx.o
    0x000024e0   0x00000018   Code   RO          570    i.USART1_Control    uart_lpc17xx.o
    0x000024f8   0x00000014   Code   RO          571    i.USART1_GPDMA_Rx_Event  uart_lpc17xx.o
    0x0000250c   0x00000014   Code   RO          572    i.USART1_GPDMA_Tx_Event  uart_lpc17xx.o
    0x00002520   0x00000010   Code   RO          573    i.USART1_GetCapabilities  uart_lpc17xx.o
    0x00002530   0x00000010   Code   RO          574    i.USART1_GetModemStatus  uart_lpc17xx.o
    0x00002540   0x00000010   Code   RO          575    i.USART1_GetRxCount  uart_lpc17xx.o
    0x00002550   0x00000010   Code   RO          576    i.USART1_GetStatus  uart_lpc17xx.o
    0x00002560   0x00000010   Code   RO          577    i.USART1_GetTxCount  uart_lpc17xx.o
    0x00002570   0x00000014   Code   RO          578    i.USART1_Initialize  uart_lpc17xx.o
    0x00002584   0x00000014   Code   RO          579    i.USART1_PowerControl  uart_lpc17xx.o
    0x00002598   0x00000018   Code   RO          580    i.USART1_Receive    uart_lpc17xx.o
    0x000025b0   0x00000018   Code   RO          581    i.USART1_Send       uart_lpc17xx.o
    0x000025c8   0x00000014   Code   RO          582    i.USART1_SetModemControl  uart_lpc17xx.o
    0x000025dc   0x0000001c   Code   RO          583    i.USART1_Transfer   uart_lpc17xx.o
    0x000025f8   0x00000010   Code   RO          584    i.USART1_Uninitialize  uart_lpc17xx.o
    0x00002608   0x00000670   Code   RO          585    i.USART_Control     uart_lpc17xx.o
    0x00002c78   0x00000086   Code   RO          586    i.USART_GPDMA_Rx_Event  uart_lpc17xx.o
    0x00002cfe   0x0000004a   Code   RO          587    i.USART_GPDMA_Tx_Event  uart_lpc17xx.o
    0x00002d48   0x00000006   Code   RO          588    i.USART_GetCapabilities  uart_lpc17xx.o
    0x00002d4e   0x000000ec   Code   RO          589    i.USART_GetModemStatus  uart_lpc17xx.o
    0x00002e3a   0x0000001c   Code   RO          590    i.USART_GetRxCount  uart_lpc17xx.o
    0x00002e56   0x000000bc   Code   RO          591    i.USART_GetStatus   uart_lpc17xx.o
    0x00002f12   0x0000001c   Code   RO          592    i.USART_GetTxCount  uart_lpc17xx.o
    0x00002f2e   0x0000026c   Code   RO          593    i.USART_IRQHandler  uart_lpc17xx.o
    0x0000319a   0x000000fe   Code   RO          594    i.USART_Initialize  uart_lpc17xx.o
    0x00003298   0x00000254   Code   RO          595    i.USART_PowerControl  uart_lpc17xx.o
    0x000034ec   0x00000110   Code   RO          596    i.USART_Receive     uart_lpc17xx.o
    0x000035fc   0x00000068   Code   RO          597    i.USART_RxLineIntHandler  uart_lpc17xx.o
    0x00003664   0x0000019c   Code   RO          598    i.USART_Send        uart_lpc17xx.o
    0x00003800   0x00000134   Code   RO          599    i.USART_SetBaudrate  uart_lpc17xx.o
    0x00003934   0x000000a0   Code   RO          600    i.USART_SetModemControl  uart_lpc17xx.o
    0x000039d4   0x0000007a   Code   RO          601    i.USART_Transfer    uart_lpc17xx.o
    0x00003a4e   0x000000e2   Code   RO          602    i.USART_Uninitialize  uart_lpc17xx.o
    0x00003b30   0x00000010   Code   RO          603    i.USARTx_GetVersion  uart_lpc17xx.o
    0x00003b40   0x0000001c   Code   RO          389    i.__NVIC_ClearPendingIRQ  ssp_lpc17xx.o
    0x00003b5c   0x0000001c   Code   RO          604    i.__NVIC_ClearPendingIRQ  uart_lpc17xx.o
    0x00003b78   0x0000001c   Code   RO          907    i.__NVIC_ClearPendingIRQ  gpdma_lpc17xx.o
    0x00003b94   0x00000046   Code   RO         2170    i._init_box         RTX_CM3.lib(rt_membox.o)
    0x00003bda   0x00000002   PAD
    0x00003bdc   0x00000020   Code   RO          303    i._mutex_acquire    rtx_conf_cm.o
    0x00003bfc   0x0000001c   Code   RO          305    i._mutex_release    rtx_conf_cm.o
    0x00003c18   0x00000030   Code   RO         2223    i.dbg_init          RTX_CM3.lib(hal_cm.o)
    0x00003c48   0x00000020   Code   RO         2224    i.dbg_task_notify   RTX_CM3.lib(hal_cm.o)
    0x00003c68   0x00000010   Code   RO         2225    i.dbg_task_switch   RTX_CM3.lib(hal_cm.o)
    0x00003c78   0x0000002c   Code   RO           95    i.delay_ms          glcd_mcb1700.o
    0x00003ca4   0x0000002a   Code   RO         1076    i.isrMessageGet     RTX_CM3.lib(rt_cmsis.o)
    0x00003cce   0x0000002c   Code   RO         1077    i.isrMessagePut     RTX_CM3.lib(rt_cmsis.o)
    0x00003cfa   0x00000002   PAD
    0x00003cfc   0x00000056   Code   RO         2025    i.isr_mbx_receive   RTX_CM3.lib(rt_mailbox.o)
    0x00003d52   0x0000000e   Code   RO         2026    i.isr_mbx_send      RTX_CM3.lib(rt_mailbox.o)
    0x00003d60   0x00000040   Code   RO            2    i.main              main.o
    0x00003da0   0x00000018   Code   RO         1080    i.osDelay           RTX_CM3.lib(rt_cmsis.o)
    0x00003db8   0x00000024   Code   RO         1081    i.osKernelInitialize  RTX_CM3.lib(rt_cmsis.o)
    0x00003ddc   0x0000006c   Code   RO         1083    i.osKernelStart     RTX_CM3.lib(rt_cmsis.o)
    0x00003e48   0x00000018   Code   RO         1092    i.osMessageGet      RTX_CM3.lib(rt_cmsis.o)
    0x00003e60   0x0000002c   Code   RO         1109    i.osThreadCreate    RTX_CM3.lib(rt_cmsis.o)
    0x00003e8c   0x00000018   Code   RO         1110    i.osThreadExit      RTX_CM3.lib(rt_cmsis.o)
    0x00003ea4   0x0000000c   Code   RO         1116    i.osTimerCall       RTX_CM3.lib(rt_cmsis.o)
    0x00003eb0   0x0000002c   Code   RO         1121    i.osTimerThread     RTX_CM3.lib(rt_cmsis.o)
    0x00003edc   0x00000022   Code   RO          306    i.os_error          rtx_conf_cm.o
    0x00003efe   0x00000004   Code   RO          307    i.os_idle_demon     rtx_conf_cm.o
    0x00003f02   0x00000002   PAD
    0x00003f04   0x00000028   Code   RO         1817    i.os_tick_init      RTX_CM3.lib(rt_system.o)
    0x00003f2c   0x00000044   Code   RO           96    i.rd_dat            glcd_mcb1700.o
    0x00003f70   0x000000c8   Code   RO           97    i.rd_id_man         glcd_mcb1700.o
    0x00004038   0x00000010   Code   RO           98    i.rd_reg            glcd_mcb1700.o
    0x00004048   0x0000001a   Code   RO         2171    i.rt_alloc_box      RTX_CM3.lib(rt_membox.o)
    0x00004062   0x0000003e   Code   RO         2199    i.rt_alloc_mem      RTX_CM3.lib(rt_memory.o)
    0x000040a0   0x00000038   Code   RO         1698    i.rt_block          RTX_CM3.lib(rt_task.o)
    0x000040d8   0x00000048   Code   RO         2148    i.rt_chk_robin      RTX_CM3.lib(rt_robin.o)
    0x00004120   0x00000070   Code   RO         1949    i.rt_dec_dly        RTX_CM3.lib(rt_list.o)
    0x00004190   0x00000044   Code   RO         1699    i.rt_dispatch       RTX_CM3.lib(rt_task.o)
    0x000041d4   0x00000006   Code   RO         2115    i.rt_dly_wait       RTX_CM3.lib(rt_time.o)
    0x000041da   0x00000002   PAD
    0x000041dc   0x00000050   Code   RO         1910    i.rt_evt_psh        RTX_CM3.lib(rt_event.o)
    0x0000422c   0x0000002c   Code   RO         2172    i.rt_free_box       RTX_CM3.lib(rt_membox.o)
    0x00004258   0x00000028   Code   RO         2200    i.rt_free_mem       RTX_CM3.lib(rt_memory.o)
    0x00004280   0x00000028   Code   RO         1950    i.rt_get_first      RTX_CM3.lib(rt_list.o)
    0x000042a8   0x00000008   Code   RO         1126    i.rt_id2obj         RTX_CM3.lib(rt_cmsis.o)
    0x000042b0   0x00000048   Code   RO         1700    i.rt_init_context   RTX_CM3.lib(rt_task.o)
    0x000042f8   0x0000001a   Code   RO         2201    i.rt_init_mem       RTX_CM3.lib(rt_memory.o)
    0x00004312   0x00000002   PAD
    0x00004314   0x00000018   Code   RO         2149    i.rt_init_robin     RTX_CM3.lib(rt_robin.o)
    0x0000432c   0x00000080   Code   RO         2226    i.rt_init_stack     RTX_CM3.lib(hal_cm.o)
    0x000043ac   0x00000008   Code   RO         2027    i.rt_mbx_check      RTX_CM3.lib(rt_mailbox.o)
    0x000043b4   0x0000001a   Code   RO         2028    i.rt_mbx_init       RTX_CM3.lib(rt_mailbox.o)
    0x000043ce   0x00000002   PAD
    0x000043d0   0x000000f0   Code   RO         2029    i.rt_mbx_psh        RTX_CM3.lib(rt_mailbox.o)
    0x000044c0   0x000000b4   Code   RO         2031    i.rt_mbx_wait       RTX_CM3.lib(rt_mailbox.o)
    0x00004574   0x00000044   Code   RO         1127    i.rt_ms2tick        RTX_CM3.lib(rt_cmsis.o)
    0x000045b8   0x000000d8   Code   RO         1784    i.rt_mut_release    RTX_CM3.lib(rt_mutex.o)
    0x00004690   0x00000078   Code   RO         1785    i.rt_mut_wait       RTX_CM3.lib(rt_mutex.o)
    0x00004708   0x0000007c   Code   RO         1821    i.rt_pop_req        RTX_CM3.lib(rt_system.o)
    0x00004784   0x00000020   Code   RO         1822    i.rt_psh_req        RTX_CM3.lib(rt_system.o)
    0x000047a4   0x0000005c   Code   RO         1952    i.rt_psq_enq        RTX_CM3.lib(rt_list.o)
    0x00004800   0x00000048   Code   RO         1953    i.rt_put_dly        RTX_CM3.lib(rt_list.o)
    0x00004848   0x00000036   Code   RO         1954    i.rt_put_prio       RTX_CM3.lib(rt_list.o)
    0x0000487e   0x00000002   PAD
    0x00004880   0x00000014   Code   RO         1955    i.rt_put_rdy_first  RTX_CM3.lib(rt_list.o)
    0x00004894   0x00000034   Code   RO         1956    i.rt_resort_prio    RTX_CM3.lib(rt_list.o)
    0x000048c8   0x00000006   Code   RO         2227    i.rt_ret_val        RTX_CM3.lib(hal_cm.o)
    0x000048ce   0x00000008   Code   RO         2228    i.rt_ret_val2       RTX_CM3.lib(hal_cm.o)
    0x000048d6   0x00000028   Code   RO         1957    i.rt_rmv_dly        RTX_CM3.lib(rt_list.o)
    0x000048fe   0x00000002   PAD
    0x00004900   0x00000030   Code   RO         1958    i.rt_rmv_list       RTX_CM3.lib(rt_list.o)
    0x00004930   0x00000034   Code   RO         2076    i.rt_sem_psh        RTX_CM3.lib(rt_semaphore.o)
    0x00004964   0x00000024   Code   RO         1824    i.rt_stk_check      RTX_CM3.lib(rt_system.o)
    0x00004988   0x00000028   Code   RO         1701    i.rt_switch_req     RTX_CM3.lib(rt_task.o)
    0x000049b0   0x000000cc   Code   RO         1702    i.rt_sys_init       RTX_CM3.lib(rt_task.o)
    0x00004a7c   0x00000078   Code   RO         1703    i.rt_sys_start      RTX_CM3.lib(rt_task.o)
    0x00004af4   0x00000040   Code   RO         1826    i.rt_systick        RTX_CM3.lib(rt_system.o)
    0x00004b34   0x00000012   Code   RO         1128    i.rt_tid2ptcb       RTX_CM3.lib(rt_cmsis.o)
    0x00004b46   0x00000002   PAD
    0x00004b48   0x00000034   Code   RO         1129    i.rt_timer_insert   RTX_CM3.lib(rt_cmsis.o)
    0x00004b7c   0x00000088   Code   RO         1704    i.rt_tsk_create     RTX_CM3.lib(rt_task.o)
    0x00004c04   0x0000017c   Code   RO         1705    i.rt_tsk_delete     RTX_CM3.lib(rt_task.o)
    0x00004d80   0x0000007c   Code   RO         1707    i.rt_tsk_prio       RTX_CM3.lib(rt_task.o)
    0x00004dfc   0x00000010   Code   RO         1708    i.rt_tsk_self       RTX_CM3.lib(rt_task.o)
    0x00004e0c   0x0000002c   Code   RO           99    i.spi_tran          glcd_mcb1700.o
    0x00004e38   0x00000088   Code   RO          100    i.spi_tran_man      glcd_mcb1700.o
    0x00004ec0   0x00000012   Code   RO         1131    i.svcDelay          RTX_CM3.lib(rt_cmsis.o)
    0x00004ed2   0x00000002   PAD
    0x00004ed4   0x00000070   Code   RO         1132    i.svcKernelInitialize  RTX_CM3.lib(rt_cmsis.o)
    0x00004f44   0x00000048   Code   RO         1134    i.svcKernelStart    RTX_CM3.lib(rt_cmsis.o)
    0x00004f8c   0x00000024   Code   RO         1137    i.svcMessageCreate  RTX_CM3.lib(rt_cmsis.o)
    0x00004fb0   0x0000003a   Code   RO         1138    i.svcMessageGet     RTX_CM3.lib(rt_cmsis.o)
    0x00004fea   0x00000002   PAD
    0x00004fec   0x0000006c   Code   RO         1152    i.svcThreadCreate   RTX_CM3.lib(rt_cmsis.o)
    0x00005058   0x0000001c   Code   RO         1153    i.svcThreadGetId    RTX_CM3.lib(rt_cmsis.o)
    0x00005074   0x00000038   Code   RO         1156    i.svcThreadTerminate  RTX_CM3.lib(rt_cmsis.o)
    0x000050ac   0x00000018   Code   RO         1158    i.svcTimerCall      RTX_CM3.lib(rt_cmsis.o)
    0x000050c4   0x0000005c   Code   RO         1167    i.sysTimerTick      RTX_CM3.lib(rt_cmsis.o)
    0x00005120   0x00000078   Code   RO            3    i.tache1            main.o
    0x00005198   0x0000004c   Code   RO          101    i.wr_cmd            glcd_mcb1700.o
    0x000051e4   0x00000034   Code   RO          103    i.wr_dat_only       glcd_mcb1700.o
    0x00005218   0x00000018   Code   RO          104    i.wr_dat_start      glcd_mcb1700.o
    0x00005230   0x00000014   Code   RO          105    i.wr_dat_stop       glcd_mcb1700.o
    0x00005244   0x00000090   Code   RO          106    i.wr_reg            glcd_mcb1700.o
    0x000052d4   0x00000010   Data   RO            4    .constdata          main.o
    0x000052e4   0x000018a0   Data   RO           64    .constdata          glcd_fonts.o
    0x00006b84   0x00000068   Data   RO          309    .constdata          rtx_conf_cm.o
    0x00006bec   0x0000007c   Data   RO          391    .constdata          ssp_lpc17xx.o
    0x00006c68   0x0000027c   Data   RO          606    .constdata          uart_lpc17xx.o
    0x00006ee4   0x00000020   Data   RO         2456    Region$$Table       anon$$obj.o


    Execution Region ER_RW (Base: 0x10000000, Size: 0x00000078, Max: 0xffffffff, ABSOLUTE)

    Base Addr    Size         Type   Attr      Idx    E Section Name        Object

    0x10000000   0x00000004   Data   RW            5    .data               main.o
    0x10000004   0x00000011   Data   RW          107    .data               glcd_mcb1700.o
    0x10000015   0x00000003   PAD
    0x10000018   0x00000014   Data   RW          310    .data               rtx_conf_cm.o
    0x1000002c   0x00000010   Data   RW          392    .data               ssp_lpc17xx.o
    0x1000003c   0x00000008   Data   RW          607    .data               uart_lpc17xx.o
    0x10000044   0x00000004   Data   RW          862    .data               system_lpc17xx.o
    0x10000048   0x00000008   Data   RW          909    .data               gpdma_lpc17xx.o
    0x10000050   0x00000008   Data   RW         1170    .data               RTX_CM3.lib(rt_cmsis.o)
    0x10000058   0x00000008   Data   RW         1710    .data               RTX_CM3.lib(rt_task.o)
    0x10000060   0x00000008   Data   RW         1829    .data               RTX_CM3.lib(rt_system.o)
    0x10000068   0x00000004   Data   RW         2119    .data               RTX_CM3.lib(rt_time.o)
    0x1000006c   0x00000008   Data   RW         2150    .data               RTX_CM3.lib(rt_robin.o)
    0x10000074   0x00000001   Data   RW         2229    .data               RTX_CM3.lib(hal_cm.o)


    Execution Region ER_ZI (Base: 0x10000078, Size: 0x00000fc0, Max: 0xffffffff, ABSOLUTE)

    Base Addr    Size         Type   Attr      Idx    E Section Name        Object

    0x10000078   0x00000bc8   Zero   RW          308    .bss                rtx_conf_cm.o
    0x10000c40   0x00000028   Zero   RW          390    .bss                ssp_lpc17xx.o
    0x10000c68   0x00000068   Zero   RW          605    .bss                uart_lpc17xx.o
    0x10000cd0   0x000000a0   Zero   RW          908    .bss                gpdma_lpc17xx.o
    0x10000d70   0x00000034   Zero   RW         1709    .bss                RTX_CM3.lib(rt_task.o)
    0x10000da4   0x00000030   Zero   RW         1959    .bss                RTX_CM3.lib(rt_list.o)
    0x10000dd4   0x00000060   Zero   RW         2287    .bss                c_w.l(libspace.o)
    0x10000e34   0x00000004   PAD
    0x10000e38   0x00000000   Zero   RW          848    HEAP                startup_lpc17xx.o
    0x10000e38   0x00000200   Zero   RW          847    STACK               startup_lpc17xx.o


==============================================================================

Image component sizes


      Code (inc. data)   RO Data    RW Data    ZI Data      Debug   Object Name

         0          0       6304          0          0        736   glcd_fonts.o
      2792         98          0         17          0      34218   glcd_mcb1700.o
      1212         94          0          8        160       8082   gpdma_lpc17xx.o
       172         18          0          0          0       2294   gpio_lpc17xx.o
       240         22         16          4          0      18029   main.o
       252          6          0          0          0        804   pin_lpc17xx.o
       126         26        104         20       3016       8927   rtx_conf_cm.o
      3904        106        124         16         40      53055   ssp_lpc17xx.o
        64         26        204          0        512        956   startup_lpc17xx.o
       320         18          0          4          0        763   system_lpc17xx.o
      6152        242        636          8        104      41376   uart_lpc17xx.o

    ----------------------------------------------------------------------
     15244        656       7420         80       3832     169240   Object Totals
         0          0         32          0          0          0   (incl. Generated)
        10          0          0          3          0          0   (incl. Padding)

    ----------------------------------------------------------------------

      Code (inc. data)   RO Data    RW Data    ZI Data      Debug   Library Member Name

       238         24          0          1          0       3268   hal_cm.o
       304         36          0          0          0        760   hal_cm3.o
      1152        144          0          8          0      33134   rt_cmsis.o
        80          4          0          0          0        653   rt_event.o
       530         34          0          0         48       8169   rt_list.o
       554         10          0          0          0       3901   rt_mailbox.o
       140          0          0          0          0       1901   rt_membox.o
       128          0          0          0          0       2275   rt_memory.o
       336         14          0          0          0       1631   rt_mutex.o
        96         22          0          8          0       1134   rt_robin.o
        52          4          0          0          0        565   rt_semaphore.o
       298         52          0          8          0       6151   rt_system.o
      1216        174          0          8         52       9565   rt_task.o
         6          0          0          4          0        644   rt_time.o
         4          4          0          0          0        200   svc_table.o
         8          0          0          0          0         68   __main.o
         0          0          0          0          0          0   __rtentry.o
        20          0          0          0          0          0   __rtentry2.o
         6          0          0          0          0          0   __rtentry4.o
        52          8          0          0          0          0   __scatter.o
        26          0          0          0          0          0   __scatter_copy.o
        28          0          0          0          0          0   __scatter_zi.o
        18          0          0          0          0         80   exit.o
         6          0          0          0          0        152   heapauxi.o
         0          0          0          0          0          0   indicate_semi.o
         2          0          0          0          0          0   libinit.o
         2          0          0          0          0          0   libinit2.o
         2          0          0          0          0          0   libshutdown.o
         2          0          0          0          0          0   libshutdown2.o
         8          4          0          0         96         68   libspace.o
       238          0          0          0          0        100   lludivv7m.o
        78          0          0          0          0         80   rt_memclr_w.o
         2          0          0          0          0          0   rtexit.o
        10          0          0          0          0          0   rtexit2.o
        12          4          0          0          0         68   sys_exit.o
        74          0          0          0          0         80   sys_stackheap_outer.o
         2          0          0          0          0         68   use_no_semi.o

    ----------------------------------------------------------------------
      5756        538          0         40        200      74715   Library Totals
        26          0          0          3          4          0   (incl. Padding)

    ----------------------------------------------------------------------

      Code (inc. data)   RO Data    RW Data    ZI Data      Debug   Library Name

      5134        522          0         37        100      73951   RTX_CM3.lib
       596         16          0          0         96        764   c_w.l

    ----------------------------------------------------------------------
      5756        538          0         40        200      74715   Library Totals

    ----------------------------------------------------------------------

==============================================================================


      Code (inc. data)   RO Data    RW Data    ZI Data      Debug   

     21000       1194       7420        120       4032     233863   Grand Totals
     21000       1194       7420        120       4032     233863   ELF Image Totals
     21000       1194       7420        120          0          0   ROM Totals

==============================================================================

    Total RO  Size (Code + RO Data)                28420 (  27.75kB)
    Total RW  Size (RW Data + ZI Data)              4152 (   4.05kB)
    Total ROM Size (Code + RO Data + RW Data)      28540 (  27.87kB)

==============================================================================

